anacron[3594]: Job `cron.daily' terminated
anacron[3594]: Job `cron.weekly' started
anacron[4160]: Updated timestamp for job `cron.weekly' to 2016-06-02
anacron[3594]: Job `cron.weekly' terminated
anacron[3594]: Job `cron.monthly' started
anacron[3594]: Job `cron.monthly' terminated
anacron[3594]: Normal exit (3 jobs run)
anacron[4235]: Updated timestamp for job `cron.monthly' to 2016-06-02
CRON[4242]: (root) CMD (   cd / && run-parts --report /etc/cron.hourly)
kernel: [ 3604.448159] usb 2-3: new high-speed USB device number 5 using ehci-pci
kernel: [ 3604.580992] usb 2-3: New USB device found, idVendor=048d, idProduct=1234
kernel: [ 3604.580999] usb 2-3: New USB device strings: Mfr=1, Product=2, SerialNumber=3
kernel: [ 3604.581004] usb 2-3: Product: UDisk           
kernel: [ 3604.581008] usb 2-3: Manufacturer: General 
kernel: [ 3604.581012] usb 2-3: SerialNumber: Љ
kernel: [ 3604.581424] usb-storage 2-3:1.0: USB Mass Storage device detected
kernel: [ 3604.582502] scsi7 : usb-storage 2-3:1.0
mtp-probe: checking bus 2, device 5: "/sys/devices/pci0000:00/0000:00:1d.7/usb2/2-3"
mtp-probe: bus: 2, device: 5 was not an MTP device
kernel: [ 3605.580797] scsi 7:0:0:0: Direct-Access     General  UDisk            5.00 PQ: 0 ANSI: 2
kernel: [ 3605.581331] sd 7:0:0:0: Attached scsi generic sg1 type 0
kernel: [ 3605.590961] sd 7:0:0:0: [sdb] 7884800 512-byte logical blocks: (4.03 GB/3.75 GiB)
kernel: [ 3605.591617] sd 7:0:0:0: [sdb] Write Protect is off
kernel: [ 3605.591624] sd 7:0:0:0: [sdb] Mode Sense: 0b 00 00 08
kernel: [ 3605.592243] sd 7:0:0:0: [sdb] No Caching mode page found
kernel: [ 3605.592249] sd 7:0:0:0: [sdb] Assuming drive cache: write through
kernel: [ 3605.596444]  sdb:
kernel: [ 3605.599249] sd 7:0:0:0: [sdb] Attached SCSI removable disk
kernel: [ 3605.860614] FAT-fs (sdb): Volume was not properly unmounted. Some data may be corrupt. Please run fsck.
udisksd[3037]: Mounted /dev/sdb at /media/prometheus/C6D4-DD9C on behalf of uid 1000
udisksd[3037]: Cleaning up mount point /media/prometheus/C6D4-DD9C (device 8:16 is not mounted)
udisksd[3037]: Unmounted /dev/sdb on behalf of uid 1000
kernel: [ 3692.944136] sdb: detected capacity change from 4037017600 to 0
kernel: [ 3695.504945] usb 2-3: USB disconnect, device number 5
kernel: [ 3937.776631] perf interrupt took too long (5002 > 5000), lowering kernel.perf_event_max_sample_rate to 25000
kernel: [ 4812.100082] usb 1-4: new high-speed USB device number 3 using ehci-pci
kernel: [ 4812.232900] usb 1-4: New USB device found, idVendor=048d, idProduct=1234
kernel: [ 4812.232907] usb 1-4: New USB device strings: Mfr=1, Product=2, SerialNumber=3
kernel: [ 4812.232911] usb 1-4: Product: UDisk           
kernel: [ 4812.232915] usb 1-4: Manufacturer: General 
kernel: [ 4812.232919] usb 1-4: SerialNumber: Љ
kernel: [ 4812.233332] usb-storage 1-4:1.0: USB Mass Storage device detected
kernel: [ 4812.234466] scsi8 : usb-storage 1-4:1.0
mtp-probe: checking bus 1, device 3: "/sys/devices/pci0000:00/0000:00:1a.7/usb1/1-4"
mtp-probe: bus: 1, device: 3 was not an MTP device
kernel: [ 4813.232698] scsi 8:0:0:0: Direct-Access     General  UDisk            5.00 PQ: 0 ANSI: 2
kernel: [ 4813.235679] sd 8:0:0:0: Attached scsi generic sg1 type 0
kernel: [ 4813.238160] sd 8:0:0:0: [sdb] 7884800 512-byte logical blocks: (4.03 GB/3.75 GiB)
kernel: [ 4813.241479] sd 8:0:0:0: [sdb] Write Protect is off
kernel: [ 4813.241488] sd 8:0:0:0: [sdb] Mode Sense: 0b 00 00 08
kernel: [ 4813.242162] sd 8:0:0:0: [sdb] No Caching mode page found
kernel: [ 4813.242170] sd 8:0:0:0: [sdb] Assuming drive cache: write through
kernel: [ 4813.248217]  sdb:
kernel: [ 4813.250902] sd 8:0:0:0: [sdb] Attached SCSI removable disk
kernel: [ 4813.502900] FAT-fs (sdb): Volume was not properly unmounted. Some data may be corrupt. Please run fsck.
udisksd[3037]: Mounted /dev/sdb at /media/prometheus/C6D4-DD9C on behalf of uid 1000
udisksd[3037]: Cleaning up mount point /media/prometheus/C6D4-DD9C (device 8:16 is not mounted)
udisksd[3037]: Unmounted /dev/sdb on behalf of uid 1000
kernel: [ 4836.260914] sdb: detected capacity change from 4037017600 to 0
kernel: [ 4838.940463] usb 1-4: USB disconnect, device number 3
CRON[4645]: (root) CMD (   cd / && run-parts --report /etc/cron.hourly)
kernel: [ 7405.924910] ACPI Error: Current brightness invalid (20140424/video-396)
kernel: [ 7405.924922] ACPI: Failed to switch the brightness
anacron[5076]: Anacron 2.3 started on 2016-06-02
anacron[5076]: Normal exit (0 jobs run)
kernel: [ 7407.617405] ACPI Error: Current brightness invalid (20140424/video-396)
kernel: [ 7407.617416] ACPI: Failed to switch the brightness
kernel: [ 7491.447924] ACPI Error: Current brightness invalid (20140424/video-396)
kernel: [ 7491.447934] ACPI: Failed to switch the brightness
anacron[5392]: Anacron 2.3 started on 2016-06-02
anacron[5392]: Normal exit (0 jobs run)
kernel: [ 7492.032717] ACPI Error: Current brightness invalid (20140424/video-396)
kernel: [ 7492.032728] ACPI: Failed to switch the brightness
kernel: [ 7661.804047] ACPI Error: Current brightness invalid (20140424/video-396)
kernel: [ 7661.804058] ACPI: Failed to switch the brightness
anacron[5714]: Anacron 2.3 started on 2016-06-02
anacron[5714]: Normal exit (0 jobs run)
kernel: [ 7663.236162] ACPI Error: Current brightness invalid (20140424/video-396)
kernel: [ 7663.236173] ACPI: Failed to switch the brightness
kernel: [ 8707.500572] ACPI Error: Current brightness invalid (20140424/video-396)
kernel: [ 8707.500582] ACPI: Failed to switch the brightness
anacron[6070]: Anacron 2.3 started on 2016-06-02
anacron[6070]: Normal exit (0 jobs run)
kernel: [ 8708.933971] ACPI Error: Current brightness invalid (20140424/video-396)
kernel: [ 8708.933982] ACPI: Failed to switch the brightness
kernel: [ 9196.724849] ACPI Error: Current brightness invalid (20140424/video-396)
kernel: [ 9196.724859] ACPI: Failed to switch the brightness
anacron[6440]: Anacron 2.3 started on 2016-06-02
anacron[6440]: Normal exit (0 jobs run)
kernel: [ 9198.460913] ACPI Error: Current brightness invalid (20140424/video-396)
kernel: [ 9198.460923] ACPI: Failed to switch the brightness
kernel: [ 9284.364510] ACPI Error: Current brightness invalid (20140424/video-396)
kernel: [ 9284.364520] ACPI: Failed to switch the brightness
anacron[6755]: Anacron 2.3 started on 2016-06-02
anacron[6755]: Normal exit (0 jobs run)
kernel: [ 9285.776506] ACPI Error: Current brightness invalid (20140424/video-396)
kernel: [ 9285.776517] ACPI: Failed to switch the brightness
CRON[6913]: (root) CMD (   cd / && run-parts --report /etc/cron.hourly)
kernel: [10225.492921] ACPI Error: Current brightness invalid (20140424/video-396)
kernel: [10225.492932] ACPI: Failed to switch the brightness
anacron[7102]: Anacron 2.3 started on 2016-06-02
anacron[7102]: Normal exit (0 jobs run)
kernel: [10227.168068] ACPI Error: Current brightness invalid (20140424/video-396)
kernel: [10227.168079] ACPI: Failed to switch the brightness
kernel: [10376.236102] ACPI Error: Current brightness invalid (20140424/video-396)
kernel: [10376.236113] ACPI: Failed to switch the brightness
anacron[7422]: Anacron 2.3 started on 2016-06-02
anacron[7422]: Normal exit (0 jobs run)
kernel: [10379.960119] ACPI Error: Current brightness invalid (20140424/video-396)
kernel: [10379.960130] ACPI: Failed to switch the brightness
kernel: [10544.984765] ACPI Error: Current brightness invalid (20140424/video-396)
kernel: [10544.984775] ACPI: Failed to switch the brightness
anacron[7740]: Anacron 2.3 started on 2016-06-02
anacron[7740]: Normal exit (0 jobs run)
kernel: [10546.616054] ACPI Error: Current brightness invalid (20140424/video-396)
kernel: [10546.616066] ACPI: Failed to switch the brightness
kernel: [10785.926237] ACPI Error: Current brightness invalid (20140424/video-396)
kernel: [10785.926248] ACPI: Failed to switch the brightness
anacron[8057]: Anacron 2.3 started on 2016-06-02
anacron[8057]: Normal exit (0 jobs run)
kernel: [10787.332191] ACPI Error: Current brightness invalid (20140424/video-396)
kernel: [10787.332233] ACPI: Failed to switch the brightness
kernel: [12989.922991] ACPI Error: Current brightness invalid (20140424/video-396)
kernel: [12989.923033] ACPI: Failed to switch the brightness
CRON[8532]: (root) CMD (   cd / && run-parts --report /etc/cron.hourly)
colord: device removed: xrandr-LP140WH2-TLA
colord: Profile removed: icc-096f666ee150bb4849480d43156755c9
colord: Profile removed: icc-8576a395a02aa7f9013c61b542a2152b
colord: Profile removed: icc-3a1a3ec2594d3e4e439c744ad8adbb30
colord: Profile removed: icc-81209adf25b91a77199df1ba827bcc8b
colord: Profile removed: icc-0f371ea3ffb951618c372feec04c4e37
colord: Profile removed: icc-c484f1c132f04798c82ebfc8452ecb8f
cinnamon-session[2202]: WARNING: Requesting system shutdown...
cinnamon-session[2202]: WARNING: Attempting to shutdown using consolekit...
rsyslogd: [origin software="rsyslogd" swVersion="7.4.4" x-pid="646" x-info="http://www.rsyslog.com"] rsyslogd was HUPed
rsyslogd: [origin software="rsyslogd" swVersion="7.4.4" x-pid="646" x-info="http://www.rsyslog.com"] exiting on signal 15.
rsyslogd: [origin software="rsyslogd" swVersion="7.4.4" x-pid="596" x-info="http://www.rsyslog.com"] start
rsyslogd: rsyslogd's groupid changed to 104
rsyslogd: rsyslogd's userid changed to 101
kernel: [    0.000000] Initializing cgroup subsys cpuset
kernel: [    0.000000] Initializing cgroup subsys cpu
kernel: [    0.000000] Initializing cgroup subsys cpuacct
kernel: [    0.000000] Linux version 3.16.0-38-generic (buildd@allspice) (gcc version 4.8.2 (Ubuntu 4.8.2-19ubuntu1) ) #52~14.04.1-Ubuntu SMP Fri May 8 09:43:57 UTC 2015 (Ubuntu 3.16.0-38.52~14.04.1-generic 3.16.7-ckt10)
kernel: [    0.000000] Command line: BOOT_IMAGE=/boot/vmlinuz-3.16.0-38-generic root=UUID=f12dc477-51e8-4503-a0c3-e5b5c777814c ro quiet splash vt.handoff=7
kernel: [    0.000000] KERNEL supported cpus:
kernel: [    0.000000]   Intel GenuineIntel
kernel: [    0.000000]   AMD AuthenticAMD
kernel: [    0.000000]   Centaur CentaurHauls
kernel: [    0.000000] e820: BIOS-provided physical RAM map:
kernel: [    0.000000] BIOS-e820: [mem 0x0000000000000000-0x000000000009dfff] usable
kernel: [    0.000000] BIOS-e820: [mem 0x000000000009e000-0x000000000009ffff] reserved
kernel: [    0.000000] BIOS-e820: [mem 0x00000000000e0000-0x00000000000fffff] reserved
kernel: [    0.000000] BIOS-e820: [mem 0x0000000000100000-0x00000000be01cfff] usable
kernel: [    0.000000] BIOS-e820: [mem 0x00000000be01d000-0x00000000be01efff] ACPI NVS
kernel: [    0.000000] BIOS-e820: [mem 0x00000000be01f000-0x00000000bfdf0fff] usable
kernel: [    0.000000] BIOS-e820: [mem 0x00000000bfdf1000-0x00000000bfe3efff] ACPI NVS
kernel: [    0.000000] BIOS-e820: [mem 0x00000000bfe3f000-0x00000000bfe53fff] usable
kernel: [    0.000000] BIOS-e820: [mem 0x00000000bfe54000-0x00000000bfebefff] reserved
kernel: [    0.000000] BIOS-e820: [mem 0x00000000bfebf000-0x00000000bfedefff] usable
kernel: [    0.000000] BIOS-e820: [mem 0x00000000bfedf000-0x00000000bfef6fff] ACPI data
kernel: [    0.000000] BIOS-e820: [mem 0x00000000bfef7000-0x00000000bfefffff] usable
kernel: [    0.000000] BIOS-e820: [mem 0x00000000bff00000-0x00000000bfffffff] reserved
kernel: [    0.000000] BIOS-e820: [mem 0x00000000f8000000-0x00000000fbffffff] reserved
kernel: [    0.000000] BIOS-e820: [mem 0x00000000fec00000-0x00000000fec00fff] reserved
kernel: [    0.000000] BIOS-e820: [mem 0x00000000fed10000-0x00000000fed13fff] reserved
kernel: [    0.000000] BIOS-e820: [mem 0x00000000fed18000-0x00000000fed19fff] reserved
kernel: [    0.000000] BIOS-e820: [mem 0x00000000fed1c000-0x00000000fed1ffff] reserved
kernel: [    0.000000] BIOS-e820: [mem 0x00000000fee00000-0x00000000fee00fff] reserved
kernel: [    0.000000] BIOS-e820: [mem 0x00000000ffe00000-0x00000000ffffffff] reserved
kernel: [    0.000000] BIOS-e820: [mem 0x0000000100000000-0x000000013fffffff] usable
kernel: [    0.000000] NX (Execute Disable) protection: active
kernel: [    0.000000] SMBIOS 2.6 present.
kernel: [    0.000000] DMI: Acer Aspire 4810T/Aspire 4810T, BIOS V1.30 09/29/2009
kernel: [    0.000000] e820: update [mem 0x00000000-0x00000fff] usable ==> reserved
kernel: [    0.000000] e820: remove [mem 0x000a0000-0x000fffff] usable
kernel: [    0.000000] AGP: No AGP bridge found
kernel: [    0.000000] e820: last_pfn = 0x140000 max_arch_pfn = 0x400000000
kernel: [    0.000000] MTRR default type: uncachable
kernel: [    0.000000] MTRR fixed ranges enabled:
kernel: [    0.000000]   00000-9FFFF write-back
kernel: [    0.000000]   A0000-BFFFF uncachable
kernel: [    0.000000]   C0000-C7FFF write-protect
kernel: [    0.000000]   C8000-EFFFF uncachable
kernel: [    0.000000]   F0000-FFFFF write-protect
kernel: [    0.000000] MTRR variable ranges enabled:
kernel: [    0.000000]   0 base 000000000 mask F80000000 write-back
kernel: [    0.000000]   1 base 0FFE00000 mask FFFE00000 write-protect
kernel: [    0.000000]   2 base 080000000 mask FC0000000 write-back
kernel: [    0.000000]   3 disabled
kernel: [    0.000000]   4 base 100000000 mask FC0000000 write-back
kernel: [    0.000000]   5 disabled
kernel: [    0.000000]   6 disabled
kernel: [    0.000000] x86 PAT enabled: cpu 0, old 0x7040600070406, new 0x7010600070106
kernel: [    0.000000] e820: last_pfn = 0xbff00 max_arch_pfn = 0x400000000
kernel: [    0.000000] Scanning 1 areas for low memory corruption
kernel: [    0.000000] Base memory trampoline at [ffff880000098000] 98000 size 24576
kernel: [    0.000000] init_memory_mapping: [mem 0x00000000-0x000fffff]
kernel: [    0.000000]  [mem 0x00000000-0x000fffff] page 4k
kernel: [    0.000000] BRK [0x01fbd000, 0x01fbdfff] PGTABLE
kernel: [    0.000000] BRK [0x01fbe000, 0x01fbefff] PGTABLE
kernel: [    0.000000] BRK [0x01fbf000, 0x01fbffff] PGTABLE
kernel: [    0.000000] init_memory_mapping: [mem 0x13fe00000-0x13fffffff]
kernel: [    0.000000]  [mem 0x13fe00000-0x13fffffff] page 2M
kernel: [    0.000000] BRK [0x01fc0000, 0x01fc0fff] PGTABLE
kernel: [    0.000000] init_memory_mapping: [mem 0x13c000000-0x13fdfffff]
kernel: [    0.000000]  [mem 0x13c000000-0x13fdfffff] page 2M
kernel: [    0.000000] init_memory_mapping: [mem 0x100000000-0x13bffffff]
kernel: [    0.000000]  [mem 0x100000000-0x13bffffff] page 2M
kernel: [    0.000000] init_memory_mapping: [mem 0x00100000-0xbe01cfff]
kernel: [    0.000000]  [mem 0x00100000-0x001fffff] page 4k
kernel: [    0.000000]  [mem 0x00200000-0xbdffffff] page 2M
kernel: [    0.000000]  [mem 0xbe000000-0xbe01cfff] page 4k
kernel: [    0.000000] init_memory_mapping: [mem 0xbe01f000-0xbfdf0fff]
kernel: [    0.000000]  [mem 0xbe01f000-0xbe1fffff] page 4k
kernel: [    0.000000]  [mem 0xbe200000-0xbfbfffff] page 2M
kernel: [    0.000000]  [mem 0xbfc00000-0xbfdf0fff] page 4k
kernel: [    0.000000] BRK [0x01fc1000, 0x01fc1fff] PGTABLE
kernel: [    0.000000] init_memory_mapping: [mem 0xbfe3f000-0xbfe53fff]
kernel: [    0.000000]  [mem 0xbfe3f000-0xbfe53fff] page 4k
kernel: [    0.000000] BRK [0x01fc2000, 0x01fc2fff] PGTABLE
kernel: [    0.000000] init_memory_mapping: [mem 0xbfebf000-0xbfedefff]
kernel: [    0.000000]  [mem 0xbfebf000-0xbfedefff] page 4k
kernel: [    0.000000] init_memory_mapping: [mem 0xbfef7000-0xbfefffff]
kernel: [    0.000000]  [mem 0xbfef7000-0xbfefffff] page 4k
kernel: [    0.000000] RAMDISK: [mem 0x347d0000-0x363dffff]
kernel: [    0.000000] ACPI: Early table checksum verification disabled
kernel: [    0.000000] ACPI: RSDP 0x00000000000FE020 000024 (v02 ACRSYS)
kernel: [    0.000000] ACPI: XSDT 0x00000000BFEF6120 000074 (v01 ACRSYS ACRPRDCT 00000001      01000013)
kernel: [    0.000000] ACPI: FACP 0x00000000BFEF4000 0000F4 (v04 ACRSYS ACRPRDCT 00000001 1025 000F4240)
kernel: [    0.000000] ACPI: DSDT 0x00000000BFEE5000 00AB04 (v01 ACER   ACER     00000001 1025 20051117)
kernel: [    0.000000] ACPI: FACS 0x00000000BFDFE000 000040
kernel: [    0.000000] ACPI: DMAR 0x00000000BFEF5000 000040 (v01        ?        00000001      00000000)
kernel: [    0.000000] ACPI: HPET 0x00000000BFEF3000 000038 (v01 ACER   ACER     00000001 1025 000F4240)
kernel: [    0.000000] ACPI: APIC 0x00000000BFEF2000 00006C (v02 ACER   ACER     00000001 1025 000F4240)
kernel: [    0.000000] ACPI: MCFG 0x00000000BFEF1000 00003C (v01 ACER   ACER     00000001 1025 000F4240)
kernel: [    0.000000] ACPI: ASF! 0x00000000BFEF0000 0000A5 (v32 ACER   ACER     00000001 1025 000F4240)
kernel: [    0.000000] ACPI: SLIC 0x00000000BFEE4000 000176 (v01 ACRSYS ACRPRDCT 00000001 1025 000F4240)
kernel: [    0.000000] ACPI: BOOT 0x00000000BFEE3000 000028 (v01 ACER   ACER     00000001 1025 00000001)
kernel: [    0.000000] ACPI: SSDT 0x00000000BFEE2000 00031A (v01 ACER   ACER     00001000 1025 20051117)
kernel: [    0.000000] ACPI: SSDT 0x00000000BFEDF000 000655 (v01 PmRef  CpuPm    00003000 INTL 20051117)
kernel: [    0.000000] ACPI: Local APIC address 0xfee00000
kernel: [    0.000000] No NUMA configuration found
kernel: [    0.000000] Faking a node at [mem 0x0000000000000000-0x000000013fffffff]
kernel: [    0.000000] Initmem setup node 0 [mem 0x00000000-0x13fffffff]
kernel: [    0.000000]   NODE_DATA [mem 0x13fff8000-0x13fffcfff]
kernel: [    0.000000]  [ffffea0000000000-ffffea0004ffffff] PMD -> [ffff88013b600000-ffff88013f5fffff] on node 0
kernel: [    0.000000] Zone ranges:
kernel: [    0.000000]   DMA      [mem 0x00001000-0x00ffffff]
kernel: [    0.000000]   DMA32    [mem 0x01000000-0xffffffff]
kernel: [    0.000000]   Normal   [mem 0x100000000-0x13fffffff]
kernel: [    0.000000] Movable zone start for each node
kernel: [    0.000000] Early memory node ranges
kernel: [    0.000000]   node   0: [mem 0x00001000-0x0009dfff]
kernel: [    0.000000]   node   0: [mem 0x00100000-0xbe01cfff]
kernel: [    0.000000]   node   0: [mem 0xbe01f000-0xbfdf0fff]
kernel: [    0.000000]   node   0: [mem 0xbfe3f000-0xbfe53fff]
kernel: [    0.000000]   node   0: [mem 0xbfebf000-0xbfedefff]
kernel: [    0.000000]   node   0: [mem 0xbfef7000-0xbfefffff]
kernel: [    0.000000]   node   0: [mem 0x100000000-0x13fffffff]
kernel: [    0.000000] On node 0 totalpages: 1048010
kernel: [    0.000000]   DMA zone: 64 pages used for memmap
kernel: [    0.000000]   DMA zone: 21 pages reserved
kernel: [    0.000000]   DMA zone: 3997 pages, LIFO batch:0
kernel: [    0.000000]   DMA32 zone: 12217 pages used for memmap
kernel: [    0.000000]   DMA32 zone: 781869 pages, LIFO batch:31
kernel: [    0.000000]   Normal zone: 4096 pages used for memmap
kernel: [    0.000000]   Normal zone: 262144 pages, LIFO batch:31
kernel: [    0.000000] ACPI: PM-Timer IO Port: 0x408
kernel: [    0.000000] ACPI: Local APIC address 0xfee00000
kernel: [    0.000000] ACPI: LAPIC (acpi_id[0x01] lapic_id[0x00] enabled)
kernel: [    0.000000] ACPI: LAPIC (acpi_id[0x02] lapic_id[0x01] enabled)
kernel: [    0.000000] ACPI: LAPIC (acpi_id[0x03] lapic_id[0x00] disabled)
kernel: [    0.000000] ACPI: LAPIC (acpi_id[0x04] lapic_id[0x00] disabled)
kernel: [    0.000000] ACPI: IOAPIC (id[0x04] address[0xfec00000] gsi_base[0])
kernel: [    0.000000] IOAPIC[0]: apic_id 4, version 32, address 0xfec00000, GSI 0-23
kernel: [    0.000000] ACPI: INT_SRC_OVR (bus 0 bus_irq 0 global_irq 2 prometheus prometheus)
kernel: [    0.000000] ACPI: INT_SRC_OVR (bus 0 bus_irq 9 global_irq 9 high level)
kernel: [    0.000000] ACPI: IRQ0 used by override.
kernel: [    0.000000] ACPI: IRQ2 used by override.
kernel: [    0.000000] ACPI: IRQ9 used by override.
kernel: [    0.000000] Using ACPI (MADT) for SMP configuration information
kernel: [    0.000000] ACPI: HPET id: 0x8086a201 base: 0xfed00000
kernel: [    0.000000] smpboot: Allowing 4 CPUs, 2 hotplug CPUs
kernel: [    0.000000] nr_irqs_gsi: 40
kernel: [    0.000000] PM: Registered nosave memory: [mem 0x0009e000-0x0009ffff]
kernel: [    0.000000] PM: Registered nosave memory: [mem 0x000a0000-0x000dffff]
kernel: [    0.000000] PM: Registered nosave memory: [mem 0x000e0000-0x000fffff]
kernel: [    0.000000] PM: Registered nosave memory: [mem 0xbe01d000-0xbe01efff]
kernel: [    0.000000] PM: Registered nosave memory: [mem 0xbfdf1000-0xbfe3efff]
kernel: [    0.000000] PM: Registered nosave memory: [mem 0xbfe54000-0xbfebefff]
kernel: [    0.000000] PM: Registered nosave memory: [mem 0xbfedf000-0xbfef6fff]
kernel: [    0.000000] PM: Registered nosave memory: [mem 0xbff00000-0xbfffffff]
kernel: [    0.000000] PM: Registered nosave memory: [mem 0xc0000000-0xf7ffffff]
kernel: [    0.000000] PM: Registered nosave memory: [mem 0xf8000000-0xfbffffff]
kernel: [    0.000000] PM: Registered nosave memory: [mem 0xfc000000-0xfebfffff]
kernel: [    0.000000] PM: Registered nosave memory: [mem 0xfec00000-0xfec00fff]
kernel: [    0.000000] PM: Registered nosave memory: [mem 0xfec01000-0xfed0ffff]
kernel: [    0.000000] PM: Registered nosave memory: [mem 0xfed10000-0xfed13fff]
kernel: [    0.000000] PM: Registered nosave memory: [mem 0xfed14000-0xfed17fff]
kernel: [    0.000000] PM: Registered nosave memory: [mem 0xfed18000-0xfed19fff]
kernel: [    0.000000] PM: Registered nosave memory: [mem 0xfed1a000-0xfed1bfff]
kernel: [    0.000000] PM: Registered nosave memory: [mem 0xfed1c000-0xfed1ffff]
kernel: [    0.000000] PM: Registered nosave memory: [mem 0xfed20000-0xfedfffff]
kernel: [    0.000000] PM: Registered nosave memory: [mem 0xfee00000-0xfee00fff]
kernel: [    0.000000] PM: Registered nosave memory: [mem 0xfee01000-0xffdfffff]
kernel: [    0.000000] PM: Registered nosave memory: [mem 0xffe00000-0xffffffff]
kernel: [    0.000000] e820: [mem 0xc0000000-0xf7ffffff] available for PCI devices
kernel: [    0.000000] Booting paravirtualized kernel on bare hardware
kernel: [    0.000000] setup_percpu: NR_CPUS:256 nr_cpumask_bits:256 nr_cpu_ids:4 nr_node_ids:1
kernel: [    0.000000] PERCPU: Embedded 27 pages/cpu @ffff88013fc00000 s81408 r8192 d20992 u524288
kernel: [    0.000000] pcpu-alloc: s81408 r8192 d20992 u524288 alloc=1*2097152
kernel: [    0.000000] pcpu-alloc: [0] 0 1 2 3 
kernel: [    0.000000] Built 1 zonelists in Node order, mobility grouping on.  Total pages: 1031612
kernel: [    0.000000] Policy zone: Normal
kernel: [    0.000000] Kernel command line: BOOT_IMAGE=/boot/vmlinuz-3.16.0-38-generic root=UUID=f12dc477-51e8-4503-a0c3-e5b5c777814c ro quiet splash vt.handoff=7
kernel: [    0.000000] PID hash table entries: 4096 (order: 3, 32768 bytes)
kernel: [    0.000000] xsave: enabled xstate_bv 0x3, cntxt size 0x240
kernel: [    0.000000] AGP: Checking aperture...
kernel: [    0.000000] AGP: No AGP bridge found
kernel: [    0.000000] Calgary: detecting Calgary via BIOS EBDA area
kernel: [    0.000000] Calgary: Unable to locate Rio Grande table in EBDA - bailing!
kernel: [    0.000000] ------------[ cut here ]------------
kernel: [    0.000000] WARNING: CPU: 0 PID: 0 at /build/buildd/linux-lts-utopic-3.16.0/drivers/iommu/dmar.c:760 warn_invalid_dmar+0x81/0x93()
kernel: [    0.000000] Your BIOS is broken; DMAR reported at address 0!
kernel: [    0.000000] BIOS vendor: INSYDE; Ver: V1.30; Product Version: V1.30
kernel: [    0.000000] Modules linked in:
kernel: [    0.000000] CPU: 0 PID: 0 Comm: swapper Not tainted 3.16.0-38-generic #52~14.04.1-Ubuntu
kernel: [    0.000000] Hardware name: Acer Aspire 4810T/Aspire 4810T, BIOS V1.30 09/29/2009
kernel: [    0.000000]  000000000000000b ffffffff81c03e00 ffffffff8176534f ffffffff81c03e48
kernel: [    0.000000]  ffffffff81c03e38 ffffffff8106dd9d ffffffff81fbc008 ffffffff81fbc034
kernel: [    0.000000]  0000000000000000 ffffffff81de02c0 ffffffff81c03fb0 ffffffff81c03e98
kernel: [    0.000000] Call Trace:
kernel: [    0.000000]  [<ffffffff8176534f>] dump_stack+0x45/0x56
kernel: [    0.000000]  [<ffffffff8106dd9d>] warn_slowpath_common+0x7d/0xa0
kernel: [    0.000000]  [<ffffffff8106de54>] warn_slowpath_fmt_taint+0x44/0x50
kernel: [    0.000000]  [<ffffffff81434ead>] ? acpi_tb_acquire_table+0x3e/0x6c
kernel: [    0.000000]  [<ffffffff81767e29>] warn_invalid_dmar+0x81/0x93
kernel: [    0.000000]  [<ffffffff81d88894>] detect_intel_iommu+0x7f/0x172
kernel: [    0.000000]  [<ffffffff81d3b84f>] pci_iommu_alloc+0x4a/0x6c
kernel: [    0.000000]  [<ffffffff81d4bb68>] mem_init+0x17/0x9c
kernel: [    0.000000]  [<ffffffff81d30e80>] start_kernel+0x23b/0x47d
kernel: [    0.000000]  [<ffffffff81d30a4e>] ? set_init_arg+0x53/0x53
kernel: [    0.000000]  [<ffffffff81d30120>] ? early_idt_handlers+0x120/0x120
kernel: [    0.000000]  [<ffffffff81d305ee>] x86_64_start_reservations+0x2a/0x2c
kernel: [    0.000000]  [<ffffffff81d30733>] x86_64_start_kernel+0x143/0x152
kernel: [    0.000000] ---[ end trace 00475ac13d09aeea ]---
kernel: [    0.000000] Memory: 4014776K/4192040K available (7626K kernel code, 1131K rwdata, 3596K rodata, 1352K init, 1300K bss, 177264K reserved)
kernel: [    0.000000] SLUB: HWalign=64, Order=0-3, MinObjects=0, CPUs=4, Nodes=1
kernel: [    0.000000] Hierarchical RCU implementation.
kernel: [    0.000000] 	RCU dyntick-idle grace-period acceleration is enabled.
kernel: [    0.000000] 	RCU restricting CPUs from NR_CPUS=256 to nr_cpu_ids=4.
kernel: [    0.000000] 	Offload RCU callbacks from all CPUs
kernel: [    0.000000] 	Offload RCU callbacks from CPUs: 0-3.
kernel: [    0.000000] RCU: Adjusting geometry for rcu_fanout_leaf=16, nr_cpu_ids=4
kernel: [    0.000000] NR_IRQS:16640 nr_irqs:712 16
kernel: [    0.000000] vt handoff: transparent VT on vt#7
kernel: [    0.000000] Console: colour dummy device 80x25
kernel: [    0.000000] console [tty0] enabled
kernel: [    0.000000] allocated 16777216 bytes of page_cgroup
kernel: [    0.000000] please try 'cgroup_disable=memory' option if you don't want memory cgroups
kernel: [    0.000000] hpet clockevent registered
kernel: [    0.000000] tsc: Fast TSC calibration using PIT
kernel: [    0.000000] tsc: Detected 1296.838 MHz processor
kernel: [    0.004020] Calibrating delay loop (skipped), value calculated using timer frequency.. 2593.67 BogoMIPS (lpj=5187352)
kernel: [    0.004026] pid_max: default: 32768 minimum: 301
kernel: [    0.004043] ACPI: Core revision 20140424
kernel: [    0.026938] ACPI: All ACPI Tables successfully acquired
kernel: [    0.028057] Security Framework initialized
kernel: [    0.028092] AppArmor: AppArmor initialized
kernel: [    0.028094] Yama: becoming mindful.
kernel: [    0.028760] Dentry cache hash table entries: 524288 (order: 10, 4194304 bytes)
kernel: [    0.031377] Inode-cache hash table entries: 262144 (order: 9, 2097152 bytes)
kernel: [    0.033195] Mount-cache hash table entries: 8192 (order: 4, 65536 bytes)
kernel: [    0.033209] Mountpoint-cache hash table entries: 8192 (order: 4, 65536 bytes)
kernel: [    0.033724] Initializing cgroup subsys memory
kernel: [    0.033778] Initializing cgroup subsys devices
kernel: [    0.033792] Initializing cgroup subsys freezer
kernel: [    0.033798] Initializing cgroup subsys net_cls
kernel: [    0.033808] Initializing cgroup subsys blkio
kernel: [    0.033817] Initializing cgroup subsys perf_event
kernel: [    0.033821] Initializing cgroup subsys net_prio
kernel: [    0.033836] Initializing cgroup subsys hugetlb
kernel: [    0.033880] CPU: Physical Processor ID: 0
kernel: [    0.033882] CPU: Processor Core ID: 0
kernel: [    0.033885] mce: CPU supports 6 MCE banks
kernel: [    0.033896] CPU0: Thermal monitoring handled by SMI
kernel: [    0.033907] Last level iTLB entries: 4KB 128, 2MB 4, 4MB 4
kernel: [    0.033907] Last level dTLB entries: 4KB 256, 2MB 0, 4MB 32, 1GB 0
kernel: [    0.033907] tlb_flushall_shift: -1
kernel: [    0.034107] Freeing SMP alternatives memory: 32K (ffffffff81e6e000 - ffffffff81e76000)
kernel: [    0.036834] ftrace: allocating 29244 entries in 115 pages
kernel: [    0.052160] dmar: Host address width 36
kernel: [    0.052165] dmar: DRHD base: 0x00000000000000 flags: 0x1
kernel: [    0.052169] dmar: parse DMAR table failure.
kernel: [    0.056268] ..TIMER: vector=0x30 apic1=0 pin1=2 apic2=-1 pin2=-1
kernel: [    0.095970] smpboot: CPU0: Genuine Intel(R) CPU           U4100  @ 1.30GHz (fam: 06, model: 17, stepping: 0a)
kernel: [    0.096000] Performance Events: PEBS fmt0+, 4-deep LBR, Core2 events, Intel PMU driver.
kernel: [    0.096000] ... version:                2
kernel: [    0.096000] ... bit width:              40
kernel: [    0.096000] ... generic registers:      2
kernel: [    0.096000] ... value mask:             000000ffffffffff
kernel: [    0.096000] ... max period:             000000007fffffff
kernel: [    0.096000] ... fixed-purpose events:   3
kernel: [    0.096000] ... event mask:             0000000700000003
kernel: [    0.096153] x86: Booting SMP configuration:
kernel: [    0.096158] .... node  #0, CPUs:      #1
kernel: [    0.096000] CPU1: Thermal monitoring handled by SMI
kernel: [    0.108048] x86: Booted up 1 node, 2 CPUs
kernel: [    0.108055] smpboot: Total of 2 processors activated (5187.35 BogoMIPS)
kernel: [    0.108199] NMI watchdog: enabled on all CPUs, permanently consumes one hw-PMU counter.
kernel: [    0.110485] devtmpfs: initialized
kernel: [    0.118087] evm: security.selinux
kernel: [    0.118090] evm: security.SMACK64
kernel: [    0.118093] evm: security.SMACK64EXEC
kernel: [    0.118095] evm: security.SMACK64TRANSMUTE
kernel: [    0.118097] evm: security.SMACK64MMAP
kernel: [    0.118099] evm: security.ima
kernel: [    0.118101] evm: security.capability
kernel: [    0.118151] PM: Registering ACPI NVS region [mem 0xbe01d000-0xbe01efff] (8192 bytes)
kernel: [    0.118151] PM: Registering ACPI NVS region [mem 0xbfdf1000-0xbfe3efff] (319488 bytes)
kernel: [    0.120257] pinctrl core: initialized pinctrl subsystem
kernel: [    0.120427] regulator-dummy: no parameters
kernel: [    0.120479] RTC time:  8:52:34, date: 06/03/16
kernel: [    0.120575] NET: Registered protocol family 16
kernel: [    0.120903] cpuidle: using governor ladder
kernel: [    0.120908] cpuidle: using governor menu
kernel: [    0.121003] ACPI: bus type PCI registered
kernel: [    0.121007] acpiphp: ACPI Hot Plug PCI Controller Driver version: 0.5
kernel: [    0.121156] PCI: MMCONFIG for domain 0000 [bus 00-3f] at [mem 0xf8000000-0xfbffffff] (base 0xf8000000)
kernel: [    0.121161] PCI: MMCONFIG at [mem 0xf8000000-0xfbffffff] reserved in E820
kernel: [    0.121354] PCI: Using configuration type 1 for base access
kernel: [    0.121669] mtrr: your CPUs had inconsistent variable MTRR settings
kernel: [    0.121672] mtrr: probably your BIOS does not setup all CPUs.
kernel: [    0.121674] mtrr: corrected configuration.
kernel: [    0.128192] ACPI: Added _OSI(Module Device)
kernel: [    0.128197] ACPI: Added _OSI(Processor Device)
kernel: [    0.128199] ACPI: Added _OSI(3.0 _SCP Extensions)
kernel: [    0.128202] ACPI: Added _OSI(Processor Aggregator Device)
kernel: [    0.141379] ACPI: Executed 1 blocks of module-level executable AML code
kernel: [    0.144065] [Firmware Bug]: ACPI: BIOS _OSI(Linux) query ignored
kernel: [    0.144689] ACPI: Dynamic OEM Table Load:
kernel: [    0.144702] ACPI: SSDT 0xFFFF8801395F4C00 0001E1 (v01 PmRef  Cpu0Ist  00003000 INTL 20051117)
kernel: [    0.145762] ACPI: Dynamic OEM Table Load:
kernel: [    0.145775] ACPI: SSDT 0xFFFF880139ACE800 000537 (v01 PmRef  Cpu0Cst  00003001 INTL 20051117)
kernel: [    0.152412] ACPI: Dynamic OEM Table Load:
kernel: [    0.152424] ACPI: SSDT 0xFFFF8801395F4E00 0001CF (v01 PmRef  ApIst    00003000 INTL 20051117)
kernel: [    0.156152] ACPI: Dynamic OEM Table Load:
kernel: [    0.156163] ACPI: SSDT 0xFFFF880139458240 00008D (v01 PmRef  ApCst    00003000 INTL 20051117)
kernel: [    0.176120] ACPI: Interpreter enabled
kernel: [    0.176134] ACPI Exception: AE_NOT_FOUND, While evaluating Sleep State [\_S1_] (20140424/hwxface-580)
kernel: [    0.176147] ACPI Exception: AE_NOT_FOUND, While evaluating Sleep State [\_S2_] (20140424/hwxface-580)
kernel: [    0.176183] ACPI: (supports S0 S3 S4 S5)
kernel: [    0.176186] ACPI: Using IOAPIC for interrupt routing
kernel: [    0.176241] PCI: Using host bridge windows from ACPI; if necessary, use "pci=nocrs" and report a bug
kernel: [    0.212979] ACPI: PCI Root Bridge [PCI0] (domain 0000 [bus 00-ff])
kernel: [    0.212989] acpi PNP0A08:00: _OSC: OS supports [ExtendedConfig ASPM ClockPM Segments MSI]
kernel: [    0.212999] acpi PNP0A08:00: _OSC failed (AE_NOT_FOUND); disabling ASPM
kernel: [    0.213840] acpi PNP0A08:00: [Firmware Info]: MMCONFIG for domain 0000 [bus 00-3f] only partially covers this bridge
kernel: [    0.214133] PCI host bridge to bus 0000:00
kernel: [    0.214138] pci_bus 0000:00: root bus resource [bus 00-ff]
kernel: [    0.214143] pci_bus 0000:00: root bus resource [io  0x0000-0x0cf7]
kernel: [    0.214147] pci_bus 0000:00: root bus resource [io  0x0d00-0xffff]
kernel: [    0.214150] pci_bus 0000:00: root bus resource [mem 0x000a0000-0x000bffff]
kernel: [    0.214154] pci_bus 0000:00: root bus resource [mem 0xc0000000-0xfebfffff]
kernel: [    0.214170] pci 0000:00:00.0: [8086:2a40] type 00 class 0x060000
kernel: [    0.214204] DMAR: Forcing write-buffer flush capability
kernel: [    0.214206] DMAR: Disabling IOMMU for graphics on this chipset
kernel: [    0.214353] pci 0000:00:01.0: [8086:2a41] type 01 class 0x060400
kernel: [    0.214425] pci 0000:00:01.0: PME# supported from D0 D3hot D3cold
kernel: [    0.214616] pci 0000:00:1a.0: [8086:2937] type 00 class 0x0c0300
kernel: [    0.214709] pci 0000:00:1a.0: reg 0x20: [io  0x50e0-0x50ff]
kernel: [    0.214875] pci 0000:00:1a.0: System wakeup disabled by ACPI
kernel: [    0.214970] pci 0000:00:1a.1: [8086:2938] type 00 class 0x0c0300
kernel: [    0.215060] pci 0000:00:1a.1: reg 0x20: [io  0x50c0-0x50df]
kernel: [    0.215225] pci 0000:00:1a.1: System wakeup disabled by ACPI
kernel: [    0.215328] pci 0000:00:1a.7: [8086:293c] type 00 class 0x0c0320
kernel: [    0.215362] pci 0000:00:1a.7: reg 0x10: [mem 0xd4105c00-0xd4105fff]
kernel: [    0.215498] pci 0000:00:1a.7: PME# supported from D0 D3hot D3cold
kernel: [    0.215592] pci 0000:00:1a.7: System wakeup disabled by ACPI
kernel: [    0.215690] pci 0000:00:1b.0: [8086:293e] type 00 class 0x040300
kernel: [    0.215720] pci 0000:00:1b.0: reg 0x10: [mem 0xd4100000-0xd4103fff 64bit]
kernel: [    0.215846] pci 0000:00:1b.0: PME# supported from D0 D3hot D3cold
kernel: [    0.216007] pci 0000:00:1c.0: [8086:2940] type 01 class 0x060400
kernel: [    0.216140] pci 0000:00:1c.0: PME# supported from D0 D3hot D3cold
kernel: [    0.216219] pci 0000:00:1c.0: System wakeup disabled by ACPI
kernel: [    0.216307] pci 0000:00:1c.1: [8086:2942] type 01 class 0x060400
kernel: [    0.216433] pci 0000:00:1c.1: PME# supported from D0 D3hot D3cold
kernel: [    0.216512] pci 0000:00:1c.1: System wakeup disabled by ACPI
kernel: [    0.216612] pci 0000:00:1d.0: [8086:2934] type 00 class 0x0c0300
kernel: [    0.216704] pci 0000:00:1d.0: reg 0x20: [io  0x50a0-0x50bf]
kernel: [    0.216867] pci 0000:00:1d.0: System wakeup disabled by ACPI
kernel: [    0.216965] pci 0000:00:1d.1: [8086:2935] type 00 class 0x0c0300
kernel: [    0.217054] pci 0000:00:1d.1: reg 0x20: [io  0x5080-0x509f]
kernel: [    0.217217] pci 0000:00:1d.1: System wakeup disabled by ACPI
kernel: [    0.217310] pci 0000:00:1d.2: [8086:2936] type 00 class 0x0c0300
kernel: [    0.217393] pci 0000:00:1d.2: reg 0x20: [io  0x5060-0x507f]
kernel: [    0.217556] pci 0000:00:1d.2: System wakeup disabled by ACPI
kernel: [    0.217650] pci 0000:00:1d.3: [8086:2939] type 00 class 0x0c0300
kernel: [    0.217739] pci 0000:00:1d.3: reg 0x20: [io  0x5040-0x505f]
kernel: [    0.217902] pci 0000:00:1d.3: System wakeup disabled by ACPI
kernel: [    0.218007] pci 0000:00:1d.7: [8086:293a] type 00 class 0x0c0320
kernel: [    0.218041] pci 0000:00:1d.7: reg 0x10: [mem 0xd4105800-0xd4105bff]
kernel: [    0.218178] pci 0000:00:1d.7: PME# supported from D0 D3hot D3cold
kernel: [    0.218272] pci 0000:00:1d.7: System wakeup disabled by ACPI
kernel: [    0.218360] pci 0000:00:1e.0: [8086:2448] type 01 class 0x060401
kernel: [    0.218506] pci 0000:00:1e.0: System wakeup disabled by ACPI
kernel: [    0.218597] pci 0000:00:1f.0: [8086:2917] type 00 class 0x060100
kernel: [    0.218870] pci 0000:00:1f.2: [8086:2929] type 00 class 0x010601
kernel: [    0.218904] pci 0000:00:1f.2: reg 0x10: [io  0x5108-0x510f]
kernel: [    0.218919] pci 0000:00:1f.2: reg 0x14: [io  0x5114-0x5117]
kernel: [    0.218933] pci 0000:00:1f.2: reg 0x18: [io  0x5100-0x5107]
kernel: [    0.218947] pci 0000:00:1f.2: reg 0x1c: [io  0x5110-0x5113]
kernel: [    0.218961] pci 0000:00:1f.2: reg 0x20: [io  0x5020-0x503f]
kernel: [    0.218976] pci 0000:00:1f.2: reg 0x24: [mem 0xd4105000-0xd41057ff]
kernel: [    0.219056] pci 0000:00:1f.2: PME# supported from D3hot
kernel: [    0.219211] pci 0000:00:1f.3: [8086:2930] type 00 class 0x0c0500
kernel: [    0.219238] pci 0000:00:1f.3: reg 0x10: [mem 0xd4106000-0xd41060ff 64bit]
kernel: [    0.219273] pci 0000:00:1f.3: reg 0x20: [io  0x5000-0x501f]
kernel: [    0.219433] pci 0000:00:1f.6: [8086:2932] type 00 class 0x118000
kernel: [    0.219467] pci 0000:00:1f.6: reg 0x10: [mem 0xd4104000-0xd4104fff 64bit]
kernel: [    0.219786] pci 0000:01:00.0: [1002:9552] type 00 class 0x030000
kernel: [    0.219811] pci 0000:01:00.0: reg 0x10: [mem 0xc0000000-0xcfffffff pref]
kernel: [    0.219826] pci 0000:01:00.0: reg 0x14: [io  0x4000-0x40ff]
kernel: [    0.219842] pci 0000:01:00.0: reg 0x18: [mem 0xd4000000-0xd400ffff]
kernel: [    0.219892] pci 0000:01:00.0: reg 0x30: [mem 0xfffe0000-0xffffffff pref]
kernel: [    0.219960] pci 0000:01:00.0: supports D1 D2
kernel: [    0.220075] pci 0000:01:00.1: [1002:aa38] type 00 class 0x040300
kernel: [    0.220099] pci 0000:01:00.1: reg 0x10: [mem 0xd4010000-0xd4013fff]
kernel: [    0.220234] pci 0000:01:00.1: supports D1 D2
kernel: [    0.228029] pci 0000:00:01.0: PCI bridge to [bus 01]
kernel: [    0.228035] pci 0000:00:01.0:   bridge window [io  0x4000-0x4fff]
kernel: [    0.228041] pci 0000:00:01.0:   bridge window [mem 0xd4000000-0xd40fffff]
kernel: [    0.228048] pci 0000:00:01.0:   bridge window [mem 0xc0000000-0xcfffffff 64bit pref]
kernel: [    0.228195] pci 0000:02:00.0: [1969:1063] type 00 class 0x020000
kernel: [    0.228233] pci 0000:02:00.0: reg 0x10: [mem 0xd3000000-0xd303ffff 64bit]
kernel: [    0.228252] pci 0000:02:00.0: reg 0x18: [io  0x3000-0x307f]
kernel: [    0.228406] pci 0000:02:00.0: PME# supported from D0 D1 D2 D3hot D3cold
kernel: [    0.228038] pci 0000:02:00.0: System wakeup disabled by ACPI
kernel: [    0.236026] pci 0000:00:1c.0: PCI bridge to [bus 02]
kernel: [    0.236034] pci 0000:00:1c.0:   bridge window [io  0x3000-0x3fff]
kernel: [    0.236041] pci 0000:00:1c.0:   bridge window [mem 0xd3000000-0xd3ffffff]
kernel: [    0.236052] pci 0000:00:1c.0:   bridge window [mem 0xd0000000-0xd0ffffff 64bit pref]
kernel: [    0.236235] pci 0000:03:00.0: [8086:4222] type 00 class 0x028000
kernel: [    0.236306] pci 0000:03:00.0: reg 0x10: [mem 0xd2000000-0xd2000fff]
kernel: [    0.236754] pci 0000:03:00.0: PME# supported from D0 D3hot D3cold
kernel: [    0.240033] pci 0000:03:00.0: System wakeup disabled by ACPI
kernel: [    0.240121] pci 0000:03:00.0: disabling ASPM on pre-1.1 PCIe device.  You can enable it with 'pcie_aspm=force'
kernel: [    0.240162] pci 0000:00:1c.1: PCI bridge to [bus 03]
kernel: [    0.240169] pci 0000:00:1c.1:   bridge window [io  0x2000-0x2fff]
kernel: [    0.240176] pci 0000:00:1c.1:   bridge window [mem 0xd2000000-0xd2ffffff]
kernel: [    0.240186] pci 0000:00:1c.1:   bridge window [mem 0xd1000000-0xd1ffffff 64bit pref]
kernel: [    0.240312] pci 0000:00:1e.0: PCI bridge to [bus 04] (subtractive decode)
kernel: [    0.240328] pci 0000:00:1e.0:   bridge window [io  0x0000-0x0cf7] (subtractive decode)
kernel: [    0.240332] pci 0000:00:1e.0:   bridge window [io  0x0d00-0xffff] (subtractive decode)
kernel: [    0.240336] pci 0000:00:1e.0:   bridge window [mem 0x000a0000-0x000bffff] (subtractive decode)
kernel: [    0.240340] pci 0000:00:1e.0:   bridge window [mem 0xc0000000-0xfebfffff] (subtractive decode)
kernel: [    0.240526] ACPI: PCI Interrupt Link [LNKA] (IRQs 3 4 5 7 9 10 *11 12)
kernel: [    0.240635] ACPI: PCI Interrupt Link [LNKB] (IRQs 3 4 5 7 9 10 *11 12)
kernel: [    0.240635] ACPI: PCI Interrupt Link [LNKC] (IRQs 3 4 5 7 9 10 *11 12)
kernel: [    0.240635] ACPI: PCI Interrupt Link [LNKD] (IRQs 3 4 5 7 9 10 *11 12)
kernel: [    0.240635] ACPI: PCI Interrupt Link [LNKE] (IRQs 3 4 5 7 9 10 11 12) *0, disabled.
kernel: [    0.240635] ACPI: PCI Interrupt Link [LNKF] (IRQs 3 4 5 7 9 *10 11 12)
kernel: [    0.240635] ACPI: PCI Interrupt Link [LNKG] (IRQs 3 4 5 7 9 10 *11 12)
kernel: [    0.240635] ACPI: PCI Interrupt Link [LNKH] (IRQs 3 4 5 7 9 10 *11 12)
kernel: [    0.241483] ACPI: Enabled 2 GPEs in block 00 to 3F
kernel: [    0.241589] ACPI : EC: GPE = 0x17, I/O: command/status = 0x66, data = 0x62
kernel: [    0.241729] vgaarb: setting as boot device: PCI:0000:01:00.0
kernel: [    0.241729] vgaarb: device added: PCI:0000:01:00.0,decodes=io+mem,owns=io+mem,locks=none
kernel: [    0.241729] vgaarb: loaded
kernel: [    0.241729] vgaarb: bridge control possible 0000:01:00.0
kernel: [    0.241729] SCSI subsystem initialized
kernel: [    0.241729] libata version 3.00 loaded.
kernel: [    0.241729] ACPI: bus type USB registered
kernel: [    0.241729] usbcore: registered new interface driver usbfs
kernel: [    0.241729] usbcore: registered new interface driver hub
kernel: [    0.241729] usbcore: registered new device driver usb
kernel: [    0.244039] PCI: Using ACPI for IRQ routing
kernel: [    0.246687] PCI: pci_cache_line_size set to 64 bytes
kernel: [    0.246791] e820: reserve RAM buffer [mem 0x0009e000-0x0009ffff]
kernel: [    0.246795] e820: reserve RAM buffer [mem 0xbe01d000-0xbfffffff]
kernel: [    0.246798] e820: reserve RAM buffer [mem 0xbfdf1000-0xbfffffff]
kernel: [    0.246801] e820: reserve RAM buffer [mem 0xbfe54000-0xbfffffff]
kernel: [    0.246804] e820: reserve RAM buffer [mem 0xbfedf000-0xbfffffff]
kernel: [    0.246807] e820: reserve RAM buffer [mem 0xbff00000-0xbfffffff]
kernel: [    0.247042] NetLabel: Initializing
kernel: [    0.247045] NetLabel:  domain hash size = 128
kernel: [    0.247047] NetLabel:  protocols = UNLABELED CIPSOv4
kernel: [    0.247077] NetLabel:  unlabeled traffic allowed by default
kernel: [    0.247104] HPET: 4 timers in total, 0 timers will be used for per-cpu timer
kernel: [    0.247104] hpet0: at MMIO 0xfed00000, IRQs 2, 8, 0, 0
kernel: [    0.247104] hpet0: 4 comparators, 64-bit 14.318180 MHz counter
kernel: [    0.249023] Switched to clocksource hpet
kernel: [    0.261784] AppArmor: AppArmor Filesystem Enabled
kernel: [    0.261856] pnp: PnP ACPI init
kernel: [    0.261888] ACPI: bus type PNP registered
kernel: [    0.262350] system 00:00: [io  0x164e-0x164f] has been reserved
kernel: [    0.262357] system 00:00: [io  0x0600-0x060f] has been reserved
kernel: [    0.262361] system 00:00: [io  0x0610] has been reserved
kernel: [    0.262366] system 00:00: [io  0x0800-0x080f] has been reserved
kernel: [    0.262370] system 00:00: [io  0x0810-0x0817] has been reserved
kernel: [    0.262374] system 00:00: [io  0x0820-0x0823] has been reserved
kernel: [    0.262379] system 00:00: [io  0x0400-0x047f] could not be reserved
kernel: [    0.262383] system 00:00: [io  0x0500-0x053f] has been reserved
kernel: [    0.262388] system 00:00: [mem 0xf8000000-0xfbffffff] has been reserved
kernel: [    0.262393] system 00:00: [mem 0xfed1c000-0xfed1ffff] has been reserved
kernel: [    0.262397] system 00:00: [mem 0xfed10000-0xfed13fff] has been reserved
kernel: [    0.262402] system 00:00: [mem 0xfed18000-0xfed18fff] has been reserved
kernel: [    0.262406] system 00:00: [mem 0xfed19000-0xfed19fff] has been reserved
kernel: [    0.262411] system 00:00: [mem 0xfec00000-0xfec00fff] could not be reserved
kernel: [    0.262415] system 00:00: [mem 0xfed20000-0xfed3ffff] has been reserved
kernel: [    0.262420] system 00:00: [mem 0xfed40000-0xfed44fff] has been reserved
kernel: [    0.262424] system 00:00: [mem 0xfed45000-0xfed8ffff] has been reserved
kernel: [    0.262429] system 00:00: [mem 0xfee00000-0xfee00fff] has been reserved
kernel: [    0.262433] system 00:00: [mem 0xff800000-0xff800fff] has been reserved
kernel: [    0.262440] system 00:00: Plug and Play ACPI device, IDs PNP0c02 (active)
kernel: [    0.262528] pnp 00:01: Plug and Play ACPI device, IDs PNP0b00 (active)
kernel: [    0.262652] pnp 00:02: Plug and Play ACPI device, IDs PNP0303 (active)
kernel: [    0.262718] pnp 00:03: Plug and Play ACPI device, IDs SYN1b22 SYN1b00 SYN0002 PNP0f13 (active)
kernel: [    0.262984] pnp: PnP ACPI: found 4 devices
kernel: [    0.262987] ACPI: bus type PNP unregistered
kernel: [    0.271829] pci 0000:01:00.0: can't claim BAR 6 [mem 0xfffe0000-0xffffffff pref]: no compatible bridge window
kernel: [    0.271886] pci 0000:01:00.0: BAR 6: assigned [mem 0xd4020000-0xd403ffff pref]
kernel: [    0.271892] pci 0000:00:01.0: PCI bridge to [bus 01]
kernel: [    0.271897] pci 0000:00:01.0:   bridge window [io  0x4000-0x4fff]
kernel: [    0.271903] pci 0000:00:01.0:   bridge window [mem 0xd4000000-0xd40fffff]
kernel: [    0.271909] pci 0000:00:01.0:   bridge window [mem 0xc0000000-0xcfffffff 64bit pref]
kernel: [    0.271917] pci 0000:00:1c.0: PCI bridge to [bus 02]
kernel: [    0.271922] pci 0000:00:1c.0:   bridge window [io  0x3000-0x3fff]
kernel: [    0.271930] pci 0000:00:1c.0:   bridge window [mem 0xd3000000-0xd3ffffff]
kernel: [    0.271937] pci 0000:00:1c.0:   bridge window [mem 0xd0000000-0xd0ffffff 64bit pref]
kernel: [    0.271947] pci 0000:00:1c.1: PCI bridge to [bus 03]
kernel: [    0.271952] pci 0000:00:1c.1:   bridge window [io  0x2000-0x2fff]
kernel: [    0.271960] pci 0000:00:1c.1:   bridge window [mem 0xd2000000-0xd2ffffff]
kernel: [    0.271967] pci 0000:00:1c.1:   bridge window [mem 0xd1000000-0xd1ffffff 64bit pref]
kernel: [    0.271977] pci 0000:00:1e.0: PCI bridge to [bus 04]
kernel: [    0.271996] pci_bus 0000:00: resource 4 [io  0x0000-0x0cf7]
kernel: [    0.272000] pci_bus 0000:00: resource 5 [io  0x0d00-0xffff]
kernel: [    0.272011] pci_bus 0000:00: resource 6 [mem 0x000a0000-0x000bffff]
kernel: [    0.272015] pci_bus 0000:00: resource 7 [mem 0xc0000000-0xfebfffff]
kernel: [    0.272019] pci_bus 0000:01: resource 0 [io  0x4000-0x4fff]
kernel: [    0.272023] pci_bus 0000:01: resource 1 [mem 0xd4000000-0xd40fffff]
kernel: [    0.272027] pci_bus 0000:01: resource 2 [mem 0xc0000000-0xcfffffff 64bit pref]
kernel: [    0.272031] pci_bus 0000:02: resource 0 [io  0x3000-0x3fff]
kernel: [    0.272035] pci_bus 0000:02: resource 1 [mem 0xd3000000-0xd3ffffff]
kernel: [    0.272039] pci_bus 0000:02: resource 2 [mem 0xd0000000-0xd0ffffff 64bit pref]
kernel: [    0.272043] pci_bus 0000:03: resource 0 [io  0x2000-0x2fff]
kernel: [    0.272046] pci_bus 0000:03: resource 1 [mem 0xd2000000-0xd2ffffff]
kernel: [    0.272050] pci_bus 0000:03: resource 2 [mem 0xd1000000-0xd1ffffff 64bit pref]
kernel: [    0.272054] pci_bus 0000:04: resource 4 [io  0x0000-0x0cf7]
kernel: [    0.272058] pci_bus 0000:04: resource 5 [io  0x0d00-0xffff]
kernel: [    0.272062] pci_bus 0000:04: resource 6 [mem 0x000a0000-0x000bffff]
kernel: [    0.272066] pci_bus 0000:04: resource 7 [mem 0xc0000000-0xfebfffff]
kernel: [    0.272112] NET: Registered protocol family 2
kernel: [    0.272485] TCP established hash table entries: 32768 (order: 6, 262144 bytes)
kernel: [    0.272671] TCP bind hash table entries: 32768 (order: 7, 524288 bytes)
kernel: [    0.272903] TCP: Hash tables configured (established 32768 bind 32768)
kernel: [    0.272957] TCP: reno registered
kernel: [    0.272969] UDP hash table entries: 2048 (order: 4, 65536 bytes)
kernel: [    0.273011] UDP-Lite hash table entries: 2048 (order: 4, 65536 bytes)
kernel: [    0.273118] NET: Registered protocol family 1
kernel: [    1.872022] pci 0000:00:1a.7: EHCI: BIOS handoff failed (BIOS bug?) 01010001
kernel: [    3.472023] pci 0000:00:1d.7: EHCI: BIOS handoff failed (BIOS bug?) 01010001
kernel: [    3.472379] pci 0000:01:00.0: Video device with shadowed ROM
kernel: [    3.472401] PCI: CLS 64 bytes, default 64
kernel: [    3.472518] Trying to unpack rootfs image as initramfs...
kernel: [    4.424115] Freeing initrd memory: 28736K (ffff8800347d0000 - ffff8800363e0000)
kernel: [    4.424200] PCI-DMA: Using software bounce buffering for IO (SWIOTLB)
kernel: [    4.424206] software IO TLB [mem 0xba01d000-0xbe01d000] (64MB) mapped at [ffff8800ba01d000-ffff8800be01cfff]
kernel: [    4.424289] Simple Boot Flag value 0x5 read from CMOS RAM was invalid
kernel: [    4.424292] Simple Boot Flag at 0x44 set to 0x1
kernel: [    4.424552] microcode: CPU0 sig=0x1067a, pf=0x80, revision=0xa07
kernel: [    4.424565] microcode: CPU1 sig=0x1067a, pf=0x80, revision=0xa07
kernel: [    4.424679] microcode: Microcode Update Driver: v2.00 <tigran@aivazian.fsnet.co.uk>, Peter Oruba
kernel: [    4.424733] Scanning for low memory corruption every 60 seconds
kernel: [    4.425294] futex hash table entries: 1024 (order: 4, 65536 bytes)
kernel: [    4.425348] Initialise system trusted keyring
kernel: [    4.425390] audit: initializing netlink subsys (disabled)
kernel: [    4.425423] audit: type=2000 audit(1464943958.420:1): initialized
kernel: [    4.426094] HugeTLB registered 2 MB page size, pre-allocated 0 pages
kernel: [    4.429958] zpool: loaded
kernel: [    4.429962] zbud: loaded
kernel: [    4.430244] VFS: Disk quotas dquot_6.5.2
kernel: [    4.430327] Dquot-cache hash table entries: 512 (order 0, 4096 bytes)
kernel: [    4.431399] fuse init (API version 7.23)
kernel: [    4.431603] msgmni has been set to 7897
kernel: [    4.431730] Key type big_key registered
kernel: [    4.432379] Key type asymmetric registered
kernel: [    4.432384] Asymmetric key parser 'x509' registered
kernel: [    4.432468] Block layer SCSI generic (bsg) driver version 0.4 loaded (major 252)
kernel: [    4.432547] io scheduler noop registered
kernel: [    4.432552] io scheduler deadline registered (default)
kernel: [    4.432668] io scheduler cfq registered
kernel: [    4.433150] pcieport 0000:00:01.0: irq 40 for MSI/MSI-X
kernel: [    4.433486] pcieport 0000:00:1c.0: irq 41 for MSI/MSI-X
kernel: [    4.433848] pcieport 0000:00:1c.1: irq 42 for MSI/MSI-X
kernel: [    4.434021] pci_hotplug: PCI Hot Plug PCI Core version: 0.5
kernel: [    4.434056] pciehp: PCI Express Hot Plug Controller Driver version: 0.4
kernel: [    4.434164] vesafb: mode is 1024x768x32, linelength=4096, pages=0
kernel: [    4.434167] vesafb: scrolling: redraw
kernel: [    4.434171] vesafb: Truecolor: size=0:8:8:8, shift=0:16:8:0
kernel: [    4.436072] vesafb: framebuffer at 0xc0000000, mapped to 0xffffc90004780000, using 3072k, total 3072k
kernel: [    4.436274] Console: switching to colour frame buffer device 128x48
kernel: [    4.436313] fb0: VESA VGA frame buffer device
kernel: [    4.436375] intel_idle: does not run on family 6 model 23
kernel: [    4.438827] ACPI: AC Adapter [ADP1] (on-line)
kernel: [    4.439007] input: Lid Switch as /devices/LNXSYSTM:00/LNXSYBUS:00/PNP0C0D:00/input/input0
kernel: [    4.441580] ACPI: Lid Switch [LID0]
kernel: [    4.441677] input: Sleep Button as /devices/LNXSYSTM:00/LNXSYBUS:00/PNP0C0E:00/input/input1
kernel: [    4.441685] ACPI: Sleep Button [SLPB]
kernel: [    4.441789] input: Power Button as /devices/LNXSYSTM:00/LNXPWRBN:00/input/input2
kernel: [    4.441794] ACPI: Power Button [PWRF]
kernel: [    4.442062] Monitor-Mwait will be used to enter C-1 state
kernel: [    4.442083] Monitor-Mwait will be used to enter C-2 state
kernel: [    4.442101] tsc: Marking TSC unstable due to TSC halts in idle
kernel: [    4.442114] ACPI: acpi_idle registered with cpuidle
kernel: [    4.468889] thermal LNXTHERM:00: registered as thermal_zone0
kernel: [    4.468893] ACPI: Thermal Zone [TZS0] (33 C)
kernel: [    4.479800] thermal LNXTHERM:01: registered as thermal_zone1
kernel: [    4.479804] ACPI: Thermal Zone [TZS1] (33 C)
kernel: [    4.479871] GHES: HEST is not enabled!
kernel: [    4.480082] Serial: 8250/16550 driver, 32 ports, IRQ sharing enabled
kernel: [    4.483964] Linux agpgart interface v0.103
kernel: [    4.487212] brd: module loaded
kernel: [    4.488813] loop: module loaded
kernel: [    4.489297] libphy: Fixed MDIO Bus: probed
kernel: [    4.489304] tun: Universal TUN/TAP device driver, 1.6
kernel: [    4.489307] tun: (C) 1999-2004 Max Krasnyansky <maxk@qualcomm.com>
kernel: [    4.489393] PPP generic driver version 2.4.2
kernel: [    4.489489] ehci_hcd: USB 2.0 'Enhanced' Host Controller (EHCI) Driver
kernel: [    4.489497] ehci-pci: EHCI PCI platform driver
kernel: [    4.491057] ehci-pci 0000:00:1a.7: EHCI Host Controller
kernel: [    4.491072] ehci-pci 0000:00:1a.7: new USB bus registered, assigned bus number 1
kernel: [    4.491093] ehci-pci 0000:00:1a.7: debug port 1
kernel: [    4.495024] ehci-pci 0000:00:1a.7: cache line size of 64 is not supported
kernel: [    4.495062] ehci-pci 0000:00:1a.7: irq 19, io mem 0xd4105c00
kernel: [    4.504028] ehci-pci 0000:00:1a.7: USB 2.0 started, EHCI 1.00
kernel: [    4.504105] usb usb1: New USB device found, idVendor=1d6b, idProduct=0002
kernel: [    4.504109] usb usb1: New USB device strings: Mfr=3, Product=2, SerialNumber=1
kernel: [    4.504113] usb usb1: Product: EHCI Host Controller
kernel: [    4.504117] usb usb1: Manufacturer: Linux 3.16.0-38-generic ehci_hcd
kernel: [    4.504121] usb usb1: SerialNumber: 0000:00:1a.7
kernel: [    4.504368] hub 1-0:1.0: USB hub found
kernel: [    4.504382] hub 1-0:1.0: 4 ports detected
kernel: [    4.506514] ehci-pci 0000:00:1d.7: EHCI Host Controller
kernel: [    4.506526] ehci-pci 0000:00:1d.7: new USB bus registered, assigned bus number 2
kernel: [    4.506546] ehci-pci 0000:00:1d.7: debug port 1
kernel: [    4.510465] ehci-pci 0000:00:1d.7: cache line size of 64 is not supported
kernel: [    4.510491] ehci-pci 0000:00:1d.7: irq 23, io mem 0xd4105800
kernel: [    4.520026] ehci-pci 0000:00:1d.7: USB 2.0 started, EHCI 1.00
kernel: [    4.520124] usb usb2: New USB device found, idVendor=1d6b, idProduct=0002
kernel: [    4.520129] usb usb2: New USB device strings: Mfr=3, Product=2, SerialNumber=1
kernel: [    4.520133] usb usb2: Product: EHCI Host Controller
kernel: [    4.520136] usb usb2: Manufacturer: Linux 3.16.0-38-generic ehci_hcd
kernel: [    4.520140] usb usb2: SerialNumber: 0000:00:1d.7
kernel: [    4.520383] hub 2-0:1.0: USB hub found
kernel: [    4.520400] hub 2-0:1.0: 8 ports detected
kernel: [    4.520848] ehci-platform: EHCI generic platform driver
kernel: [    4.520870] ohci_hcd: USB 1.1 'Open' Host Controller (OHCI) Driver
kernel: [    4.520878] ohci-pci: OHCI PCI platform driver
kernel: [    4.520939] ohci-platform: OHCI generic platform driver
kernel: [    4.520958] uhci_hcd: USB Universal Host Controller Interface driver
kernel: [    4.521225] uhci_hcd 0000:00:1a.0: UHCI Host Controller
kernel: [    4.521236] uhci_hcd 0000:00:1a.0: new USB bus registered, assigned bus number 3
kernel: [    4.521247] uhci_hcd 0000:00:1a.0: detected 2 ports
kernel: [    4.521288] uhci_hcd 0000:00:1a.0: irq 16, io base 0x000050e0
kernel: [    4.521367] usb usb3: New USB device found, idVendor=1d6b, idProduct=0001
kernel: [    4.521372] usb usb3: New USB device strings: Mfr=3, Product=2, SerialNumber=1
kernel: [    4.521376] usb usb3: Product: UHCI Host Controller
kernel: [    4.521414] usb usb3: Manufacturer: Linux 3.16.0-38-generic uhci_hcd
kernel: [    4.521418] usb usb3: SerialNumber: 0000:00:1a.0
kernel: [    4.521647] hub 3-0:1.0: USB hub found
kernel: [    4.521660] hub 3-0:1.0: 2 ports detected
kernel: [    4.522147] uhci_hcd 0000:00:1a.1: UHCI Host Controller
kernel: [    4.522158] uhci_hcd 0000:00:1a.1: new USB bus registered, assigned bus number 4
kernel: [    4.522169] uhci_hcd 0000:00:1a.1: detected 2 ports
kernel: [    4.522208] uhci_hcd 0000:00:1a.1: irq 21, io base 0x000050c0
kernel: [    4.522297] usb usb4: New USB device found, idVendor=1d6b, idProduct=0001
kernel: [    4.522302] usb usb4: New USB device strings: Mfr=3, Product=2, SerialNumber=1
kernel: [    4.522305] usb usb4: Product: UHCI Host Controller
kernel: [    4.522309] usb usb4: Manufacturer: Linux 3.16.0-38-generic uhci_hcd
kernel: [    4.522313] usb usb4: SerialNumber: 0000:00:1a.1
kernel: [    4.522549] hub 4-0:1.0: USB hub found
kernel: [    4.522562] hub 4-0:1.0: 2 ports detected
kernel: [    4.523018] uhci_hcd 0000:00:1d.0: UHCI Host Controller
kernel: [    4.523032] uhci_hcd 0000:00:1d.0: new USB bus registered, assigned bus number 5
kernel: [    4.523042] uhci_hcd 0000:00:1d.0: detected 2 ports
kernel: [    4.523069] uhci_hcd 0000:00:1d.0: irq 23, io base 0x000050a0
kernel: [    4.523149] usb usb5: New USB device found, idVendor=1d6b, idProduct=0001
kernel: [    4.523153] usb usb5: New USB device strings: Mfr=3, Product=2, SerialNumber=1
kernel: [    4.523157] usb usb5: Product: UHCI Host Controller
kernel: [    4.523161] usb usb5: Manufacturer: Linux 3.16.0-38-generic uhci_hcd
kernel: [    4.523164] usb usb5: SerialNumber: 0000:00:1d.0
kernel: [    4.523380] hub 5-0:1.0: USB hub found
kernel: [    4.523392] hub 5-0:1.0: 2 ports detected
kernel: [    4.523816] uhci_hcd 0000:00:1d.1: UHCI Host Controller
kernel: [    4.523827] uhci_hcd 0000:00:1d.1: new USB bus registered, assigned bus number 6
kernel: [    4.523837] uhci_hcd 0000:00:1d.1: detected 2 ports
kernel: [    4.523864] uhci_hcd 0000:00:1d.1: irq 19, io base 0x00005080
kernel: [    4.523944] usb usb6: New USB device found, idVendor=1d6b, idProduct=0001
kernel: [    4.523948] usb usb6: New USB device strings: Mfr=3, Product=2, SerialNumber=1
kernel: [    4.523952] usb usb6: Product: UHCI Host Controller
kernel: [    4.523956] usb usb6: Manufacturer: Linux 3.16.0-38-generic uhci_hcd
kernel: [    4.523959] usb usb6: SerialNumber: 0000:00:1d.1
kernel: [    4.524225] hub 6-0:1.0: USB hub found
kernel: [    4.524238] hub 6-0:1.0: 2 ports detected
kernel: [    4.524649] uhci_hcd 0000:00:1d.2: UHCI Host Controller
kernel: [    4.524659] uhci_hcd 0000:00:1d.2: new USB bus registered, assigned bus number 7
kernel: [    4.524670] uhci_hcd 0000:00:1d.2: detected 2 ports
kernel: [    4.524697] uhci_hcd 0000:00:1d.2: irq 16, io base 0x00005060
kernel: [    4.524774] usb usb7: New USB device found, idVendor=1d6b, idProduct=0001
kernel: [    4.524779] usb usb7: New USB device strings: Mfr=3, Product=2, SerialNumber=1
kernel: [    4.524782] usb usb7: Product: UHCI Host Controller
kernel: [    4.524786] usb usb7: Manufacturer: Linux 3.16.0-38-generic uhci_hcd
kernel: [    4.524790] usb usb7: SerialNumber: 0000:00:1d.2
kernel: [    4.525009] hub 7-0:1.0: USB hub found
kernel: [    4.525022] hub 7-0:1.0: 2 ports detected
kernel: [    4.525468] uhci_hcd 0000:00:1d.3: UHCI Host Controller
kernel: [    4.525479] uhci_hcd 0000:00:1d.3: new USB bus registered, assigned bus number 8
kernel: [    4.525489] uhci_hcd 0000:00:1d.3: detected 2 ports
kernel: [    4.525535] uhci_hcd 0000:00:1d.3: irq 18, io base 0x00005040
kernel: [    4.525613] usb usb8: New USB device found, idVendor=1d6b, idProduct=0001
kernel: [    4.525618] usb usb8: New USB device strings: Mfr=3, Product=2, SerialNumber=1
kernel: [    4.525621] usb usb8: Product: UHCI Host Controller
kernel: [    4.525625] usb usb8: Manufacturer: Linux 3.16.0-38-generic uhci_hcd
kernel: [    4.525629] usb usb8: SerialNumber: 0000:00:1d.3
kernel: [    4.525852] hub 8-0:1.0: USB hub found
kernel: [    4.525867] hub 8-0:1.0: 2 ports detected
kernel: [    4.526161] i8042: PNP: PS/2 Controller [PNP0303:KBD0,PNP0f13:PS2M] at 0x60,0x64 irq 1,12
kernel: [    4.550375] i8042: Detected active multiplexing controller, rev 1.1
kernel: [    4.563393] serio: i8042 KBD port at 0x60,0x64 irq 1
kernel: [    4.563403] serio: i8042 AUX0 port at 0x60,0x64 irq 12
kernel: [    4.563465] serio: i8042 AUX1 port at 0x60,0x64 irq 12
kernel: [    4.563515] serio: i8042 AUX2 port at 0x60,0x64 irq 12
kernel: [    4.563567] serio: i8042 AUX3 port at 0x60,0x64 irq 12
kernel: [    4.563850] mousedev: PS/2 mouse device common for all mice
kernel: [    4.564270] rtc_cmos 00:01: RTC can wake from S4
kernel: [    4.564482] rtc_cmos 00:01: rtc core: registered rtc_cmos as rtc0
kernel: [    4.564522] rtc_cmos 00:01: alarms up to one month, 242 bytes nvram, hpet irqs
kernel: [    4.564675] device-mapper: uevent: version 1.0.3
kernel: [    4.564897] device-mapper: ioctl: 4.27.0-ioctl (2013-10-30) initialised: dm-devel@redhat.com
kernel: [    4.564927] ledtrig-cpu: registered to indicate activity on CPUs
kernel: [    4.565112] TCP: cubic registered
kernel: [    4.565373] NET: Registered protocol family 10
kernel: [    4.565788] NET: Registered protocol family 17
kernel: [    4.565815] Key type dns_resolver registered
kernel: [    4.566385] Loading compiled-in X.509 certificates
kernel: [    4.568469] Loaded X.509 cert 'Magrathea: Glacier signing key: c284edaccf0b473652c34d23bec356944236e63b'
kernel: [    4.568502] registered taskstats version 1
kernel: [    4.572441] Key type trusted registered
kernel: [    4.579009] Key type encrypted registered
kernel: [    4.579021] AppArmor: AppArmor sha1 policy hashing enabled
kernel: [    4.579026] ima: No TPM chip found, activating TPM-bypass!
kernel: [    4.579057] evm: HMAC attrs: 0x1
kernel: [    4.579697]   Magic number: 4:410:876
kernel: [    4.579866] rtc_cmos 00:01: setting system clock to 2016-06-03 08:52:39 UTC (1464943959)
kernel: [    4.580436] BIOS EDD facility v0.16 2004-Jun-25, 0 devices found
kernel: [    4.580440] EDD information not available.
kernel: [    4.580674] PM: Hibernation image not present or could not be loaded.
kernel: [    4.595661] input: AT Translated Set 2 keyboard as /devices/platform/i8042/serio0/input/input3
kernel: [    4.908110] usb 2-5: new high-speed USB device number 3 using ehci-pci
kernel: [    5.126190] ACPI: Battery Slot [BAT0] (battery present)
kernel: [    5.128971] Freeing unused kernel memory: 1352K (ffffffff81d1c000 - ffffffff81e6e000)
kernel: [    5.128976] Write protecting the kernel read-only data: 12288k
kernel: [    5.132231] Freeing unused kernel memory: 556K (ffff880001775000 - ffff880001800000)
kernel: [    5.134968] Freeing unused kernel memory: 500K (ffff880001b83000 - ffff880001c00000)
kernel: [    5.157857] systemd-udevd[108]: starting version 204
kernel: [    5.203911] [drm] Initialized drm 1.1.0 20060810
kernel: [    5.204084] ACPI: Video Device [VGA] (multi-head: yes  rom: no  post: no)
kernel: [    5.209251] wmi: Mapper loaded
kernel: [    5.232546] acpi device:08: registered as cooling_device2
kernel: [    5.234631] input: Video Bus as /devices/LNXSYSTM:00/LNXSYBUS:00/PNP0A08:00/device:05/LNXVIDEO:01/input/input8
kernel: [    5.250820] usb 2-5: New USB device found, idVendor=04f2, idProduct=b160
kernel: [    5.250827] usb 2-5: New USB device strings: Mfr=2, Product=1, SerialNumber=3
kernel: [    5.250831] usb 2-5: Product: CNF9113
kernel: [    5.250835] usb 2-5: Manufacturer: Chicony Electronics Co.,Ltd
kernel: [    5.250839] usb 2-5: SerialNumber: SN001
kernel: [    5.255896] ahci 0000:00:1f.2: version 3.0
kernel: [    5.256293] ahci 0000:00:1f.2: irq 43 for MSI/MSI-X
kernel: [    5.256356] ahci 0000:00:1f.2: SSS flag set, parallel bus scan disabled
kernel: [    5.256410] ahci 0000:00:1f.2: AHCI 0001.0200 32 slots 4 ports 3 Gbps 0x33 impl SATA mode
kernel: [    5.256416] ahci 0000:00:1f.2: flags: 64bit ncq sntf ilck stag pm led clo pmp pio slum part ccc ems 
kernel: [    5.259518] [drm] radeon kernel modesetting enabled.
kernel: [    5.259624] checking generic (c0000000 300000) vs hw (c0000000 10000000)
kernel: [    5.259628] fb: switching to radeondrmfb from VESA VGA
kernel: [    5.259665] Console: switching to colour dummy device 80x25
kernel: [    5.260450] [drm] initializing kernel modesetting (RV710 0x1002:0x9552 0x1025:0x022A).
kernel: [    5.260468] [drm] register mmio base: 0xD4000000
kernel: [    5.260471] [drm] register mmio size: 65536
kernel: [    5.261364] ATOM BIOS: BR32868.002
kernel: [    5.261416] radeon 0000:01:00.0: VRAM: 512M 0x0000000000000000 - 0x000000001FFFFFFF (512M used)
kernel: [    5.261421] radeon 0000:01:00.0: GTT: 1024M 0x0000000020000000 - 0x000000005FFFFFFF
kernel: [    5.261424] [drm] Detected VRAM RAM=512M, BAR=256M
kernel: [    5.261427] [drm] RAM width 64bits DDR
kernel: [    5.261527] [TTM] Zone  kernel: Available graphics memory: 2022976 kiB
kernel: [    5.261530] [TTM] Initializing pool allocator
kernel: [    5.261541] [TTM] Initializing DMA pool allocator
kernel: [    5.261582] [drm] radeon: 512M of VRAM memory ready
kernel: [    5.261585] [drm] radeon: 1024M of GTT memory ready.
kernel: [    5.261618] [drm] Loading RV710 Microcode
kernel: [    5.264651] [drm] radeon: dpm initialized
kernel: [    5.264795] [drm] GART: num cpu pages 262144, num gpu pages 262144
kernel: [    5.273259] atl1c 0000:02:00.0: version 1.0.1.1-NAPI
kernel: [    5.286100] [drm] PCIE GART of 1024M enabled (table at 0x000000000025D000).
kernel: [    5.286651] radeon 0000:01:00.0: WB enabled
kernel: [    5.286660] radeon 0000:01:00.0: fence driver on ring 0 use gpu addr 0x0000000020000c00 and cpu addr 0xffff880035f2bc00
kernel: [    5.286665] radeon 0000:01:00.0: fence driver on ring 3 use gpu addr 0x0000000020000c0c and cpu addr 0xffff880035f2bc0c
kernel: [    5.287738] radeon 0000:01:00.0: fence driver on ring 5 use gpu addr 0x000000000005c598 and cpu addr 0xffffc90004e1c598
kernel: [    5.287867] [drm] Supports vblank timestamp caching Rev 2 (21.10.2013).
kernel: [    5.287870] [drm] Driver supports precise vblank timestamp query.
kernel: [    5.287875] radeon 0000:01:00.0: radeon: MSI limited to 32-bit
kernel: [    5.287912] radeon 0000:01:00.0: irq 44 for MSI/MSI-X
kernel: [    5.287935] radeon 0000:01:00.0: radeon: using MSI.
kernel: [    5.287977] [drm] radeon: irq initialized.
kernel: [    5.335076] [drm] ring test on 0 succeeded in 1 usecs
kernel: [    5.335090] [drm] ring test on 3 succeeded in 3 usecs
kernel: [    5.335751] scsi0 : ahci
kernel: [    5.344041] scsi1 : ahci
kernel: [    5.351923] scsi2 : ahci
kernel: [    5.359711] scsi3 : ahci
kernel: [    5.369334] scsi4 : ahci
kernel: [    5.380091] scsi5 : ahci
kernel: [    5.380233] ata1: SATA max UDMA/133 abar m2048@0xd4105000 port 0xd4105100 irq 43
kernel: [    5.380239] ata2: SATA max UDMA/133 abar m2048@0xd4105000 port 0xd4105180 irq 43
kernel: [    5.380242] ata3: DUMMY
kernel: [    5.380245] ata4: DUMMY
kernel: [    5.380249] ata5: SATA max UDMA/133 abar m2048@0xd4105000 port 0xd4105300 irq 43
kernel: [    5.380253] ata6: SATA max UDMA/133 abar m2048@0xd4105000 port 0xd4105380 irq 43
kernel: [    5.492054] usb 5-1: new low-speed USB device number 2 using uhci_hcd
kernel: [    5.520171] [drm] ring test on 5 succeeded in 1 usecs
kernel: [    5.520179] [drm] UVD initialized successfully.
kernel: [    5.520799] [drm] ib test on ring 0 succeeded in 0 usecs
kernel: [    5.520826] [drm] ib test on ring 3 succeeded in 0 usecs
kernel: [    5.662142] usb 5-1: New USB device found, idVendor=15d9, idProduct=0a37
kernel: [    5.662148] usb 5-1: New USB device strings: Mfr=0, Product=1, SerialNumber=0
kernel: [    5.662152] usb 5-1: Product: USB Mouse
kernel: [    5.670490] [drm] ib test on ring 5 succeeded
kernel: [    5.671474] [drm] radeon atom DIG backlight initialized
kernel: [    5.671479] [drm] Radeon Display Connectors
kernel: [    5.671482] [drm] Connector 0:
kernel: [    5.671484] [drm]   LVDS-1
kernel: [    5.671487] [drm]   DDC: 0x7f68 0x7f68 0x7f6c 0x7f6c 0x7f70 0x7f70 0x7f74 0x7f74
kernel: [    5.671489] [drm]   Encoders:
kernel: [    5.671492] [drm]     LCD1: INTERNAL_UNIPHY2
kernel: [    5.671494] [drm] Connector 1:
kernel: [    5.671496] [drm]   VGA-1
kernel: [    5.671499] [drm]   DDC: 0x7e40 0x7e40 0x7e44 0x7e44 0x7e48 0x7e48 0x7e4c 0x7e4c
kernel: [    5.671501] [drm]   Encoders:
kernel: [    5.671503] [drm]     CRT1: INTERNAL_KLDSCP_DAC1
kernel: [    5.671505] [drm] Connector 2:
kernel: [    5.671507] [drm]   HDMI-A-1
kernel: [    5.671509] [drm]   HPD1
kernel: [    5.671512] [drm]   DDC: 0x7e50 0x7e50 0x7e54 0x7e54 0x7e58 0x7e58 0x7e5c 0x7e5c
kernel: [    5.671514] [drm]   Encoders:
kernel: [    5.671516] [drm]     DFP1: INTERNAL_UNIPHY
kernel: [    5.671910] hidraw: raw HID events driver (C) Jiri Kosina
kernel: [    5.688525] usbcore: registered new interface driver usbhid
kernel: [    5.688530] usbhid: USB HID core driver
kernel: [    5.691734] input: USB Mouse as /devices/pci0000:00/0000:00:1d.0/usb5/5-1/5-1:1.0/0003:15D9:0A37.0001/input/input13
kernel: [    5.691941] hid-generic 0003:15D9:0A37.0001: input,hidraw0: USB HID v1.10 Mouse [USB Mouse] on usb-0000:00:1d.0-1/input0
kernel: [    5.740163] ata1: SATA link down (SStatus 0 SControl 300)
kernel: [    6.232111] ata2: SATA link up 3.0 Gbps (SStatus 123 SControl 300)
kernel: [    6.232653] ata2.00: ACPI cmd 00/00:00:00:00:00:b0 (NOP) rejected by device (Stat=0x51 Err=0x04)
kernel: [    6.232800] ata2.00: failed to get NCQ Send/Recv Log Emask 0x1
kernel: [    6.232805] ata2.00: ATA-9: Samsung SSD 840 EVO 250GB, EXT0AB0Q, max UDMA/133
kernel: [    6.232810] ata2.00: 488397168 sectors, multi 16: LBA48 NCQ (depth 31/32), AA
kernel: [    6.233249] ata2.00: ACPI cmd 00/00:00:00:00:00:b0 (NOP) rejected by device (Stat=0x51 Err=0x04)
kernel: [    6.233373] ata2.00: failed to get NCQ Send/Recv Log Emask 0x1
kernel: [    6.233380] ata2.00: configured for UDMA/133
kernel: [    6.233585] scsi 1:0:0:0: Direct-Access     ATA      Samsung SSD 840  AB0Q PQ: 0 ANSI: 5
kernel: [    6.234042] sd 1:0:0:0: [sda] 488397168 512-byte logical blocks: (250 GB/232 GiB)
kernel: [    6.234054] sd 1:0:0:0: Attached scsi generic sg0 type 0
kernel: [    6.234212] sd 1:0:0:0: [sda] Write Protect is off
kernel: [    6.234218] sd 1:0:0:0: [sda] Mode Sense: 00 3a 00 00
kernel: [    6.234263] sd 1:0:0:0: [sda] Write cache: enabled, read cache: enabled, doesn't support DPO or FUA
kernel: [    6.237183]  sda: sda1 sda2 sda3 < sda5 >
kernel: [    6.238055] sd 1:0:0:0: [sda] Attached SCSI disk
kernel: [    6.655549] [drm] fb mappable at 0xC045E000
kernel: [    6.655553] [drm] vram apper at 0xC0000000
kernel: [    6.655555] [drm] size 4325376
kernel: [    6.655557] [drm] fb depth is 24
kernel: [    6.655559] [drm]    pitch is 5632
kernel: [    6.655704] fbcon: radeondrmfb (fb0) is primary device
kernel: [    6.655748] Console: switching to colour frame buffer device 170x48
kernel: [    6.655800] radeon 0000:01:00.0: fb0: radeondrmfb frame buffer device
kernel: [    6.655804] radeon 0000:01:00.0: registered panic notifier
kernel: [    6.660783] [drm] Initialized radeon 2.39.0 20080528 for 0000:01:00.0 on minor 0
kernel: [    6.724117] ata5: SATA link up 1.5 Gbps (SStatus 113 SControl 300)
kernel: [    6.727027] ata5.00: ACPI cmd 00/00:00:00:00:00:a0 (NOP) rejected by device (Stat=0x51 Err=0x04)
kernel: [    6.727034] ata5.00: ATAPI: MATSHITADVD-RAM UJ862AS, 1.06, max UDMA/33
kernel: [    6.730787] ata5.00: ACPI cmd 00/00:00:00:00:00:a0 (NOP) rejected by device (Stat=0x51 Err=0x04)
kernel: [    6.730796] ata5.00: configured for UDMA/33
kernel: [    6.736690] scsi 4:0:0:0: CD-ROM            MATSHITA DVD-RAM UJ862AS  1.06 PQ: 0 ANSI: 5
kernel: [    6.755130] sr0: scsi3-mmc drive: 24x/24x writer dvd-ram cd/rw xa/form2 cdda tray
kernel: [    6.755135] cdrom: Uniform CD-ROM driver Revision: 3.20
kernel: [    6.755380] sr 4:0:0:0: Attached scsi CD-ROM sr0
kernel: [    6.755531] sr 4:0:0:0: Attached scsi generic sg1 type 5
kernel: [    7.072114] ata6: SATA link down (SStatus 0 SControl 300)
kernel: [    7.427230] EXT4-fs (sda1): INFO: recovery required on readonly filesystem
kernel: [    7.427235] EXT4-fs (sda1): write access will be enabled during recovery
kernel: [    7.607170] random: nonblocking pool is initialized
kernel: [    7.699291] EXT4-fs (sda1): orphan cleanup on readonly fs
kernel: [    7.699394] EXT4-fs (sda1): 1 orphan inode deleted
kernel: [    7.699397] EXT4-fs (sda1): recovery complete
kernel: [    7.729907] EXT4-fs (sda1): mounted filesystem with ordered data mode. Opts: (null)
kernel: [    8.416952] EXT4-fs (sda1): re-mounted. Opts: errors=remount-ro
kernel: [    8.793331] systemd-udevd[461]: starting version 204
kernel: [    8.992491] lp: driver loaded but no devices found
kernel: [    9.029073] ppdev: user-space parallel port driver
kernel: [    9.248051] shpchp: Standard Hot Plug PCI Controller Driver version: 0.4
kernel: [    9.482630] ACPI Warning: SystemIO range 0x0000000000000428-0x000000000000042f conflicts with OpRegion 0x0000000000000400-0x000000000000047f (\PMBA) (20140424/utaddress-258)
kernel: [    9.482655] ACPI: If an ACPI driver is available for this device, you should use it instead of the native driver
kernel: [    9.482661] ACPI Warning: SystemIO range 0x0000000000000530-0x000000000000053f conflicts with OpRegion 0x0000000000000538-0x000000000000053a (\GPIO) (20140424/utaddress-258)
kernel: [    9.482669] ACPI Warning: SystemIO range 0x0000000000000530-0x000000000000053f conflicts with OpRegion 0x0000000000000500-0x000000000000053f (\_SB_.PCI0.OVGA.GPIO) (20140424/utaddress-258)
kernel: [    9.482676] ACPI: If an ACPI driver is available for this device, you should use it instead of the native driver
kernel: [    9.482689] ACPI Warning: SystemIO range 0x0000000000000500-0x000000000000052f conflicts with OpRegion 0x0000000000000500-0x000000000000053f (\_SB_.PCI0.OVGA.GPIO) (20140424/utaddress-258)
kernel: [    9.482696] ACPI: If an ACPI driver is available for this device, you should use it instead of the native driver
kernel: [    9.482699] lpc_ich: Resource conflict(s) found affecting gpio_ich
kernel: [    9.591594] cfg80211: Calling CRDA to update world regulatory domain
kernel: [    9.774703] Bluetooth: Core ver 2.19
kernel: [    9.774742] NET: Registered protocol family 31
kernel: [    9.774745] Bluetooth: HCI device and connection manager initialized
kernel: [    9.774770] Bluetooth: HCI socket layer initialized
kernel: [    9.774775] Bluetooth: L2CAP socket layer initialized
kernel: [    9.774803] Bluetooth: SCO socket layer initialized
kernel: [    9.789291] iwl3945: Intel(R) PRO/Wireless 3945ABG/BG Network Connection driver for Linux, in-tree:s
kernel: [    9.789297] iwl3945: Copyright(c) 2003-2011 Intel Corporation
kernel: [    9.789384] iwl3945 0000:03:00.0: can't disable ASPM; OS doesn't have ASPM control
kernel: [    9.806825] Bluetooth: BNEP (Ethernet Emulation) ver 1.3
kernel: [    9.806830] Bluetooth: BNEP filters: protocol multicast
kernel: [    9.806842] Bluetooth: BNEP socket layer initialized
kernel: [    9.817222] media: Linux media interface: v0.10
kernel: [    9.850931] iwl3945 0000:03:00.0: Tunable channels: 13 802.11bg, 23 802.11a channels
kernel: [    9.850939] iwl3945 0000:03:00.0: Detected Intel Wireless WiFi Link 3945ABG
kernel: [    9.851193] iwl3945 0000:03:00.0: irq 45 for MSI/MSI-X
kernel: [    9.858409] Bluetooth: RFCOMM TTY layer initialized
kernel: [    9.858425] Bluetooth: RFCOMM socket layer initialized
kernel: [    9.858437] Bluetooth: RFCOMM ver 1.11
rsyslogd-2039: Could no open output pipe '/dev/xconsole': No such file or directory [try http://www.rsyslog.com/e/2039 ]
kernel: [    9.958494] ieee80211 phy0: Selected rate control algorithm 'iwl-3945-rs'
kernel: [   10.015966] Linux video capture interface: v2.00
kernel: [   10.052216] audit: type=1400 audit(1464936764.968:2): apparmor="STATUS" operation="profile_load" profile="unconfined" name="/usr/lib/cups/backend/cups-pdf" pid=620 comm="apparmor_parser"
kernel: [   10.052230] audit: type=1400 audit(1464936764.968:3): apparmor="STATUS" operation="profile_load" profile="unconfined" name="/usr/sbin/cupsd" pid=620 comm="apparmor_parser"
kernel: [   10.056334] audit: type=1400 audit(1464936764.972:4): apparmor="STATUS" operation="profile_replace" profile="unconfined" name="/usr/sbin/cupsd" pid=620 comm="apparmor_parser"
avahi-daemon[628]: Found user 'avahi' (UID 107) and group 'avahi' (GID 115).
avahi-daemon[628]: Successfully dropped root privileges.
avahi-daemon[628]: avahi-daemon 0.6.31 starting up.
avahi-daemon[628]: Successfully called chroot().
avahi-daemon[628]: Successfully dropped remaining capabilities.
avahi-daemon[628]: Loading service file /services/udisks.service.
avahi-daemon[628]: Network interface enumeration completed.
avahi-daemon[628]: Registering HINFO record with values 'X86_64'/'LINUX'.
avahi-daemon[628]: Server startup complete. Host name is prometheus-laptop.local. Local service cookie is 2937489202.
avahi-daemon[628]: Service "prometheus-laptop" (/services/udisks.service) successfully established.
dbus[540]: [system] Activating service name='org.freedesktop.ColorManager' (using servicehelper)
colord: Using config file /etc/colord.conf
colord: Using mapping database file /var/lib/colord/mapping.db
colord: Using device database file /var/lib/colord/storage.db
colord: loaded plugin libcd_plugin_camera.so
colord: plugin /usr/lib/x86_64-linux-gnu/colord-plugins/libcd_plugin_sane.so not loaded: plugin refused to load
colord: loaded plugin libcd_plugin_scanner.so
colord: Daemon ready for requests
dbus[540]: [system] Successfully activated service 'org.freedesktop.ColorManager'
kernel: [   10.364389] device-mapper: multipath: version 1.7.0 loaded
kernel: [   10.364563] audit: type=1400 audit(1464936765.280:5): apparmor="STATUS" operation="profile_load" profile="unconfined" name="/sbin/dhclient" pid=661 comm="apparmor_parser"
kernel: [   10.364577] audit: type=1400 audit(1464936765.280:6): apparmor="STATUS" operation="profile_load" profile="unconfined" name="/usr/lib/NetworkManager/nm-dhcp-client.action" pid=661 comm="apparmor_parser"
kernel: [   10.364585] audit: type=1400 audit(1464936765.280:7): apparmor="STATUS" operation="profile_load" profile="unconfined" name="/usr/lib/connman/scripts/dhclient-script" pid=661 comm="apparmor_parser"
kernel: [   10.365444] audit: type=1400 audit(1464936765.280:8): apparmor="STATUS" operation="profile_replace" profile="unconfined" name="/usr/lib/NetworkManager/nm-dhcp-client.action" pid=661 comm="apparmor_parser"
kernel: [   10.365458] audit: type=1400 audit(1464936765.280:9): apparmor="STATUS" operation="profile_replace" profile="unconfined" name="/usr/lib/connman/scripts/dhclient-script" pid=661 comm="apparmor_parser"
kernel: [   10.365910] audit: type=1400 audit(1464936765.280:10): apparmor="STATUS" operation="profile_replace" profile="unconfined" name="/usr/lib/connman/scripts/dhclient-script" pid=661 comm="apparmor_parser"
kernel: [   10.392263] init: cups main process (625) killed by HUP signal
kernel: [   10.392285] init: cups main process ended, respawning
colord: Profile added: icc-79e56e42bf930a269bb6a0421eb80753
colord: Profile added: icc-7cfad1a392b1ed7aaf7bd4cb60faaae4
colord: Profile added: icc-10080b14e236a5c33088e1d3404db83c
colord: Profile added: icc-d0f2748c6e21eee954827c71e1e81c12
colord: Profile added: icc-e729b445abc89051fe8ba7c6d8e9b127
colord: Profile added: icc-781f6f71344167d3526631689139f109
colord: Profile added: icc-d4a7a2bd8ddaacf10e275e3db31d72b8
colord: Profile added: icc-654b99c87e67edb1c1cfb0dcb7fa9d04
kernel: [   10.515475] snd_hda_intel 0000:00:1b.0: irq 46 for MSI/MSI-X
kernel: [   10.520180] snd_hda_intel 0000:01:00.1: Handle VGA-switcheroo audio client
kernel: [   10.520263] snd_hda_intel 0000:01:00.1: irq 47 for MSI/MSI-X
colord: Profile added: icc-72f5b1cba915b68ea75cc843e270df5a
colord: Profile added: icc-3bd2261b1125a0fd9ebf827a2d1bed84
colord: Profile added: icc-fb0ac62618f016ed9b92ce239258efa8
colord: Profile added: icc-c227f46f246694ba9971f270cb61a0c1
colord: Profile added: icc-ea421e3a65cfa796e2732ce36086e327
colord: Profile added: icc-526fbc9bdf0d7156c553998d47a3b5fc
colord: Profile added: icc-2f1f11ecd613fe5551420fcaf5b11ff8
kernel: [   10.685416] input: HDA ATI HDMI HDMI/DP,pcm=3 as /devices/pci0000:00/0000:00:01.0/0000:01:00.1/sound/card1/input14
kernel: [   10.687507] sound hdaudioC0D0: autoconfig: line_outs=1 (0x14/0x0/0x0/0x0/0x0) type:speaker
kernel: [   10.687514] sound hdaudioC0D0:    speaker_outs=0 (0x0/0x0/0x0/0x0/0x0)
kernel: [   10.687519] sound hdaudioC0D0:    hp_outs=1 (0x15/0x0/0x0/0x0/0x0)
kernel: [   10.687523] sound hdaudioC0D0:    mono: mono_out=0x0
kernel: [   10.687526] sound hdaudioC0D0:    dig-out=0x1e/0x0
kernel: [   10.687529] sound hdaudioC0D0:    inputs:
kernel: [   10.687534] sound hdaudioC0D0:      Mic=0x18
kernel: [   10.687537] sound hdaudioC0D0:      Internal Mic=0x12
colord: Profile added: icc-a10be98be58460669fcdc6946939b7cf
kernel: [   10.694975] input: HDA Intel Mic as /devices/pci0000:00/0000:00:1b.0/sound/card0/input15
kernel: [   10.695335] input: HDA Intel Headphone as /devices/pci0000:00/0000:00:1b.0/sound/card0/input16
kernel: [   10.697571] uvcvideo: Found UVC 1.00 device CNF9113 (04f2:b160)
colord: Profile added: icc-a1d13bd5309e0f06ceda6f0d75367823
kernel: [   10.718321] input: CNF9113 as /devices/pci0000:00/0000:00:1d.7/usb2/2-5/2-5:1.0/input/input17
kernel: [   10.719218] usbcore: registered new interface driver uvcvideo
kernel: [   10.719224] USB Video Class driver (1.1.1)
colord: Profile added: icc-b0701c2ccf059287d0b067464df8bda9
colord: Profile added: icc-6ad6d63767ce0393245528ada92f1cb2
colord: Profile added: icc-523e494bc2f53c53d51d0758b07f4879
colord: Profile added: icc-57f0d896250f6f98f77ca1b0d19019c0
colord: Profile added: icc-3a34aa6c3d1fb1ef63ff41e04ee00979
colord: Profile added: icc-d6490883a866e4059370e1de1d840283
colord: Profile added: icc-353a6bcabda00f04b6988f89126ce6f5
colord: Profile added: icc-0383c34650771ce95ef93fe916867725
colord: Profile added: icc-df7c0067b1eb9bcc9fc9b33bc3a797eb
colord: Profile added: icc-f64a1f19ce07290b35a752b00217b684
colord: Profile added: icc-0720e7cdbc792b77c0740c39f325ef9e
colord: Profile added: icc-6a245ab2d8892e2e56232af93cd48b81
colord: Profile added: icc-c3e6382fa9b2d31b01b736f6f97aac3a
kernel: [   11.262762] acer_wmi: Acer Laptop ACPI-WMI Extras
kernel: [   11.272279] acer_wmi: Function bitmap for Communication Device: 0x97
kernel: [   11.274173] acer_wmi: Brightness must be controlled by acpi video driver
failsafe: Failsafe of 120 seconds reached.
kernel: [   11.302466] input: Acer BMA150 accelerometer as /devices/virtual/input/input18
kernel: [   11.375602] cfg80211: World regulatory domain updated:
kernel: [   11.375610] cfg80211:  DFS Master region: unset
kernel: [   11.375613] cfg80211:   (start_freq - end_freq @ bandwidth), (max_antenna_gain, max_eirp), (dfs_cac_time)
kernel: [   11.375618] cfg80211:   (2402000 KHz - 2472000 KHz @ 40000 KHz), (300 mBi, 2000 mBm), (N/A)
kernel: [   11.375623] cfg80211:   (2457000 KHz - 2482000 KHz @ 40000 KHz), (300 mBi, 2000 mBm), (N/A)
kernel: [   11.375627] cfg80211:   (2474000 KHz - 2494000 KHz @ 20000 KHz), (300 mBi, 2000 mBm), (N/A)
kernel: [   11.375631] cfg80211:   (5170000 KHz - 5250000 KHz @ 40000 KHz), (300 mBi, 2000 mBm), (N/A)
kernel: [   11.375635] cfg80211:   (5735000 KHz - 5835000 KHz @ 40000 KHz), (300 mBi, 2000 mBm), (N/A)
kernel: [   11.737719] init: failsafe main process (776) killed by TERM signal
kernel: [   11.742232] init: samba-ad-dc main process (816) terminated with status 1
ModemManager[867]: <info>  ModemManager (version 1.0.0) starting...
NetworkManager[896]: <info> NetworkManager (version 0.9.8.8) is starting...
NetworkManager[896]: <info> Read config file /etc/NetworkManager/NetworkManager.conf
NetworkManager[896]: <info> WEXT support is enabled
NetworkManager[896]: <info> VPN: loaded org.freedesktop.NetworkManager.openvpn
NetworkManager[896]: <info> VPN: loaded org.freedesktop.NetworkManager.vpnc
NetworkManager[896]: <info> VPN: loaded org.freedesktop.NetworkManager.pptp
NetworkManager[896]: <info> VPN: loaded org.freedesktop.NetworkManager.openconnect
NetworkManager[896]: <info> DNS: loaded plugin dnsmasq
dbus[540]: [system] Activating service name='org.freedesktop.PolicyKit1' (using servicehelper)
polkitd[907]: started daemon version 0.105 using authority implementation `local' version `0.105'
dbus[540]: [system] Successfully activated service 'org.freedesktop.PolicyKit1'
NetworkManager[896]:    SCPlugin-Ifupdown: init!
NetworkManager[896]:    SCPlugin-Ifupdown: update_system_hostname
NetworkManager[896]:       interface-parser: parsing file /etc/network/interfaces
NetworkManager[896]:       interface-parser: finished parsing file /etc/network/interfaces
NetworkManager[896]:    SCPluginIfupdown: management mode: unmanaged
NetworkManager[896]:    SCPlugin-Ifupdown: devices added (path: /sys/devices/pci0000:00/0000:00:1c.0/0000:02:00.0/net/eth0, iface: eth0)
NetworkManager[896]:    SCPlugin-Ifupdown: device added (path: /sys/devices/pci0000:00/0000:00:1c.0/0000:02:00.0/net/eth0, iface: eth0): no ifupdown configuration found.
NetworkManager[896]:    SCPlugin-Ifupdown: devices added (path: /sys/devices/pci0000:00/0000:00:1c.1/0000:03:00.0/net/wlan0, iface: wlan0)
NetworkManager[896]:    SCPlugin-Ifupdown: device added (path: /sys/devices/pci0000:00/0000:00:1c.1/0000:03:00.0/net/wlan0, iface: wlan0): no ifupdown configuration found.
NetworkManager[896]:    SCPlugin-Ifupdown: devices added (path: /sys/devices/virtual/net/lo, iface: lo)
NetworkManager[896]:    SCPlugin-Ifupdown: device added (path: /sys/devices/virtual/net/lo, iface: lo): no ifupdown configuration found.
NetworkManager[896]:    SCPlugin-Ifupdown: end _init.
NetworkManager[896]: <info> Loaded plugin ifupdown: (C) 2008 Canonical Ltd.  To report bugs please use the NetworkManager mailing list.
NetworkManager[896]: <info> Loaded plugin keyfile: (c) 2007 - 2010 Red Hat, Inc.  To report bugs please use the NetworkManager mailing list.
NetworkManager[896]:    SCPlugin-Ofono: Acquired D-Bus service com.canonical.NMOfono
NetworkManager[896]:    SCPlugin-Ofono: init!
NetworkManager[896]:    SCPlugin-Ofono: end _init.
NetworkManager[896]: <info> Loaded plugin (null): (null)
NetworkManager[896]:    Ifupdown: get unmanaged devices count: 0
NetworkManager[896]:    SCPlugin-Ifupdown: (29253392) ... get_connections.
NetworkManager[896]:    SCPlugin-Ifupdown: (29253392) ... get_connections (managed=false): return empty list.
NetworkManager[896]:    keyfile: parsing Automatisch Kalte Fusion (5 Ghz) ... 
NetworkManager[896]:    keyfile:     read connection 'Automatisch Kalte Fusion (5 Ghz)'
NetworkManager[896]:    keyfile: parsing Automatisch Kalte Fusion ... 
NetworkManager[896]:    keyfile:     read connection 'Automatisch Kalte Fusion'
NetworkManager[896]:    keyfile: parsing Automatisch Michaels iPhone ... 
NetworkManager[896]:    keyfile:     read connection 'Automatisch Michaels iPhone'
NetworkManager[896]:    keyfile: parsing eduroam ... 
NetworkManager[896]:    keyfile:    certificate or key /home/prometheus/passes/wlan/CAUx/deutsche-telekom-root-ca-2.crt does not exist
NetworkManager[896]:    keyfile:     read connection 'eduroam'
NetworkManager[896]:    keyfile: parsing VPN-Verbindung 1 ... 
NetworkManager[896]:    keyfile:     read connection 'Magiervpn'
NetworkManager[896]:    keyfile: parsing CAUx 1 ... 
NetworkManager[896]:    keyfile:    certificate or key /home/prometheus/passes/wlan/CAUx/deutsche-telekom-root-ca-2.crt does not exist
NetworkManager[896]:    keyfile:     read connection 'CAUx 1'
NetworkManager[896]:    keyfile: parsing Automatisch #KN_WLAN ... 
kernel: [   12.399840] audit: type=1400 audit(1464936767.312:11): apparmor="STATUS" operation="profile_load" profile="unconfined" name="docker-default" pid=998 comm="apparmor_parser"
NetworkManager[896]:    keyfile:     read connection 'Automatisch #KN_WLAN'
NetworkManager[896]:    keyfile: parsing Kabelnetzwerkverbindung 2 ... 
kernel: [   12.448137] usb 3-2: new full-speed USB device number 2 using uhci_hcd
NetworkManager[896]:    keyfile:     read connection 'Kabelnetzwerkverbindung 2'
NetworkManager[896]:    keyfile: parsing Kabelnetzwerkverbindung 1 ... 
NetworkManager[896]: keyfile: ipv4.address1: address 192.168.178.2/24 gateway 192.168.178.1
NetworkManager[896]:    keyfile:     read connection 'Kabelnetzwerkverbindung 1'
NetworkManager[896]:    SCPlugin-Ofono: (29059520) ... get_connections.
NetworkManager[896]:    SCPlugin-Ofono: (29059520) connections count: 0
NetworkManager[896]:    Ifupdown: get unmanaged devices count: 0
NetworkManager[896]: <info> monitoring kernel firmware directory '/lib/firmware'.
NetworkManager[896]: <info> rfkill0: found WiFi radio killswitch (at /sys/devices/pci0000:00/0000:00:1c.1/0000:03:00.0/ieee80211/phy0/rfkill0) (driver iwl3945)
NetworkManager[896]: <info> rfkill1: found WiFi radio killswitch (at /sys/devices/platform/acer-wmi/rfkill/rfkill1) (platform driver acer-wmi)
NetworkManager[896]: <info> WiFi enabled by radio killswitch; enabled by state file
NetworkManager[896]: <info> WWAN enabled by radio killswitch; enabled by state file
NetworkManager[896]: <info> WiMAX enabled by radio killswitch; enabled by state file
NetworkManager[896]: <info> Networking is enabled by state file
NetworkManager[896]: <warn> failed to allocate link cache: (-12) Object not found
NetworkManager[896]: <info> (eth0): carrier is OFF
NetworkManager[896]: <info> (eth0): new Ethernet device (driver: 'atl1c' ifindex: 2)
NetworkManager[896]: <info> (eth0): exported as /org/freedesktop/NetworkManager/Devices/0
NetworkManager[896]: <info> (eth0): device state change: unmanaged -> unavailable (reason 'managed') [10 20 2]
NetworkManager[896]: <info> (eth0): bringing up device.
kernel: [   12.582908] atl1c 0000:02:00.0: irq 48 for MSI/MSI-X
kernel: [   12.583042] atl1c 0000:02:00.0: atl1c: eth0 NIC Link is Up<1000 Mbps Full Duplex>
NetworkManager[896]: <info> (eth0): carrier now ON (device state 20)
NetworkManager[896]: <info> (eth0): preparing device.
NetworkManager[896]: <info> (eth0): deactivating device (reason 'managed') [2]
NetworkManager[896]: <info> (wlan0): using nl80211 for WiFi device control
NetworkManager[896]: <info> (wlan0): new 802.11 WiFi device (driver: 'iwl3945' ifindex: 3)
NetworkManager[896]: <info> (wlan0): exported as /org/freedesktop/NetworkManager/Devices/1
NetworkManager[896]: <info> (wlan0): device state change: unmanaged -> unavailable (reason 'managed') [10 20 2]
NetworkManager[896]: <info> (wlan0): bringing up device.
kernel: [   12.610885] iwl3945 0000:03:00.0: loaded firmware version 15.32.2.9
kernel: [   12.641086] usb 3-2: New USB device found, idVendor=0489, idProduct=e011
kernel: [   12.641094] usb 3-2: New USB device strings: Mfr=1, Product=2, SerialNumber=3
kernel: [   12.641099] usb 3-2: Product: Acer Module
kernel: [   12.641103] usb 3-2: Manufacturer: Broadcom Corp
kernel: [   12.641106] usb 3-2: SerialNumber: 0C6076C76439
kernel: [   12.725987] usbcore: registered new interface driver btusb
NetworkManager[896]: <info> (wlan0): preparing device.
NetworkManager[896]: <info> (wlan0): deactivating device (reason 'managed') [2]
NetworkManager[896]: <warn> /sys/devices/virtual/net/lo: couldn't determine device driver; ignoring...
kernel: [   12.765078] IPv6: ADDRCONF(NETDEV_UP): wlan0: link is not ready
dbus[540]: [system] Activating service name='fi.w1.wpa_supplicant1' (using servicehelper)
NetworkManager[896]: <warn> /sys/devices/virtual/net/lo: couldn't determine device driver; ignoring...
NetworkManager[896]: <info> urfkill disappeared from the bus
NetworkManager[896]: <info> (eth0): device state change: unavailable -> disconnected (reason 'none') [20 30 0]
dbus[540]: [system] Successfully activated service 'fi.w1.wpa_supplicant1'
NetworkManager[896]: <info> Auto-activating connection 'Kabelnetzwerkverbindung 1'.
NetworkManager[896]: <info> Activation (eth0) starting connection 'Kabelnetzwerkverbindung 1'
NetworkManager[896]: <info> (eth0): device state change: disconnected -> prepare (reason 'none') [30 40 0]
NetworkManager[896]: <info> NetworkManager state is now CONNECTING
NetworkManager[896]: <info> Activation (eth0) Stage 1 of 5 (Device Prepare) scheduled...
wpa_supplicant[1090]: Successfully initialized wpa_supplicant
NetworkManager[896]: <info> ModemManager available in the bus
NetworkManager[896]: <info> wpa_supplicant started
NetworkManager[896]: <info> Activation (eth0) Stage 1 of 5 (Device Prepare) started...
NetworkManager[896]: <info> Activation (eth0) Stage 2 of 5 (Device Configure) scheduled...
NetworkManager[896]: <info> Activation (eth0) Stage 1 of 5 (Device Prepare) complete.
NetworkManager[896]: <info> Activation (eth0) Stage 2 of 5 (Device Configure) starting...
NetworkManager[896]: <info> (eth0): device state change: prepare -> config (reason 'none') [40 50 0]
NetworkManager[896]: <info> Activation (eth0) Stage 2 of 5 (Device Configure) successful.
NetworkManager[896]: <info> Activation (eth0) Stage 3 of 5 (IP Configure Start) scheduled.
NetworkManager[896]: <info> Activation (eth0) Stage 2 of 5 (Device Configure) complete.
NetworkManager[896]: <info> Activation (eth0) Stage 3 of 5 (IP Configure Start) started...
NetworkManager[896]: <info> (eth0): device state change: config -> ip-config (reason 'none') [50 70 0]
NetworkManager[896]: <info> Activation (eth0) Beginning DHCPv4 transaction (timeout in 45 seconds)
NetworkManager[896]: <info> dhclient started with pid 1116
NetworkManager[896]: <info> Activation (eth0) Beginning IP6 addrconf.
NetworkManager[896]: <info> Activation (eth0) Stage 3 of 5 (IP Configure Start) complete.
bluetoothd[575]: hci0: Load Long Term Keys (0x0013) failed: Not Supported (0x0c)
NetworkManager[896]: <info> (wlan0) supports 4 scan SSIDs
NetworkManager[896]: <warn> Trying to remove a non-existant call id.
NetworkManager[896]: <info> (wlan0): supplicant interface state: starting -> ready
NetworkManager[896]: <info> (wlan0): device state change: unavailable -> disconnected (reason 'supplicant-available') [20 30 42]
wpa_supplicant[1108]: wlan0: CTRL-EVENT-SCAN-STARTED 
wpa_supplicant[1108]: wlan0: Reject scan trigger since one is already pending
NetworkManager[896]: <info> (wlan0): supplicant interface state: ready -> disconnected
NetworkManager[896]: <info> (wlan0) supports 4 scan SSIDs
dhclient: Internet Systems Consortium DHCP Client 4.2.4
dhclient: Copyright 2004-2012 Internet Systems Consortium.
dhclient: All rights reserved.
bluetoothd[575]: Adapter /org/bluez/575/hci0 has been enabled
dhclient: For info, please visit https://www.isc.org/software/dhcp/
dhclient: 
NetworkManager[896]: <info> (eth0): DHCPv4 state changed nbi -> preinit
dhclient: Listening on LPF/eth0/00:26:2d:67:7a:71
dhclient: Sending on   LPF/eth0/00:26:2d:67:7a:71
dhclient: Sending on   Socket/fallback
dhclient: DHCPREQUEST of 192.168.178.121 on eth0 to 255.255.255.255 port 67 (xid=0x64f4d06c)
dhclient: DHCPACK of 192.168.178.121 from 192.168.178.1
dhclient: bound to 192.168.178.121 -- renewal in 354700 seconds.
NetworkManager[896]: <info> (eth0): DHCPv4 state changed preinit -> reboot
ntpdate[1140]: Can't find host ntp.ubuntu.com: Name or service not known (-2)
NetworkManager[896]: <info>   address 192.168.178.121
NetworkManager[896]: <info>   prefix 24 (255.255.255.0)
NetworkManager[896]: <info>   gateway 192.168.178.1
NetworkManager[896]: <info>   nameserver '192.168.178.1'
NetworkManager[896]: <info>   domain name 'fritz.box'
NetworkManager[896]: <info> Activation (eth0) Stage 5 of 5 (IPv4 Configure Commit) scheduled...
ntpdate[1140]: no servers can be used, exiting
NetworkManager[896]: <info> Activation (eth0) Stage 5 of 5 (IPv4 Commit) started...
avahi-daemon[628]: Joining mDNS multicast group on interface eth0.IPv4 with address 192.168.178.121.
avahi-daemon[628]: New relevant interface eth0.IPv4 for mDNS.
avahi-daemon[628]: Registering new address record for 192.168.178.121 on eth0.IPv4.
avahi-daemon[628]: Registering new address record for 192.168.178.2 on eth0.IPv4.
kernel: [   13.106519] cgroup: systemd-logind (588) created nested cgroup for controller "memory" which has incomplete hierarchy support. Nested cgroups may change behavior in the future.
kernel: [   13.106529] cgroup: "memory" requires setting use_hierarchy to 1 on the root
dbus[540]: [system] Activating service name='org.freedesktop.ConsoleKit' (using servicehelper)
dbus[540]: [system] Successfully activated service 'org.freedesktop.ConsoleKit'
cron[1194]: (CRON) INFO (pidfile fd = 3)
cron[1314]: (CRON) STARTUP (fork ok)
cron[1314]: (CRON) INFO (Running @reboot jobs)
anacron[1317]: Anacron 2.3 started on 2016-06-03
anacron[1317]: Will run job `cron.daily' in 5 min.
anacron[1317]: Jobs will be executed sequentially
kernel: [   13.400150] ip_tables: (C) 2000-2006 Netfilter Core Team
kernel: [   13.503092] Bridge firewalling registered
avahi-daemon[628]: Joining mDNS multicast group on interface lxcbr0.IPv4 with address 10.0.3.1.
avahi-daemon[628]: New relevant interface lxcbr0.IPv4 for mDNS.
avahi-daemon[628]: Registering new address record for 10.0.3.1 on lxcbr0.IPv4.
avahi-daemon[628]: Withdrawing address record for 10.0.3.1 on lxcbr0.
avahi-daemon[628]: Leaving mDNS multicast group on interface lxcbr0.IPv4 with address 10.0.3.1.
avahi-daemon[628]: Interface lxcbr0.IPv4 no longer relevant for mDNS.
avahi-daemon[628]: Joining mDNS multicast group on interface lxcbr0.IPv4 with address 10.0.3.1.
avahi-daemon[628]: New relevant interface lxcbr0.IPv4 for mDNS.
avahi-daemon[628]: Registering new address record for 10.0.3.1 on lxcbr0.IPv4.
console-kit-daemon[1203]: GLib-CRITICAL: Source ID 11 was not found when attempting to remove it
kernel: [   13.632084] nf_conntrack version 0.5.0 (16384 buckets, 65536 max)
acpid: starting up with netlink and the input layer
acpid: 9 rules loaded
acpid: waiting for events: event logging is off
dnsmasq[1454]: started, version 2.68 cachesize 150
dnsmasq[1454]: compile time options: IPv6 GNU-getopt DBus i18n IDN DHCP DHCPv6 no-Lua TFTP conntrack ipset auth
dnsmasq-dhcp[1454]: DHCP, IP range 10.0.3.2 -- 10.0.3.254, lease time 1h
dnsmasq-dhcp[1454]: DHCP, sockets bound exclusively to interface lxcbr0
dnsmasq[1454]: no servers found in /etc/resolv.conf, will retry
dnsmasq[1454]: read /etc/hosts - 7 addresses
mdm[1429]: Starting mdm...
NetworkManager[896]: <info> (eth0): device state change: ip-config -> secondaries (reason 'none') [70 90 0]
NetworkManager[896]: <info> Activation (eth0) Stage 5 of 5 (IPv4 Commit) complete.
NetworkManager[896]:    SCPlugin-Ifupdown: devices added (path: /sys/devices/virtual/net/lxcbr0, iface: lxcbr0)
NetworkManager[896]:    SCPlugin-Ifupdown: device added (path: /sys/devices/virtual/net/lxcbr0, iface: lxcbr0): no ifupdown configuration found.
NetworkManager[896]: <warn> failed to allocate link cache: (-12) Object not found
NetworkManager[896]: <info> (lxcbr0): ignoring bridge not created by NetworkManager
NetworkManager[896]: <info> (eth0): device state change: secondaries -> activated (reason 'none') [90 100 0]
NetworkManager[896]: <info> NetworkManager state is now CONNECTED_GLOBAL
NetworkManager[896]: <info> Policy set 'Kabelnetzwerkverbindung 1' (eth0) as default for IPv4 routing and DNS.
NetworkManager[896]: <info> DNS: starting dnsmasq...
NetworkManager[896]: <warn> dnsmasq not available on the bus, can't update servers.
NetworkManager[896]: <error> [1464936768.882837] [nm-dns-dnsmasq.c:396] update(): dnsmasq owner not found on bus: Could not get owner of name 'org.freedesktop.NetworkManager.dnsmasq': no such name
NetworkManager[896]: <warn> DNS: plugin dnsmasq update failed
NetworkManager[896]: <info> Writing DNS information to /sbin/resolvconf
ModemManager[867]: <warn>  Couldn't find support for device at '/sys/devices/pci0000:00/0000:00:1c.0/0000:02:00.0': not supported by any plugin
ModemManager[867]: <warn>  Couldn't find support for device at '/sys/devices/pci0000:00/0000:00:1c.1/0000:03:00.0': not supported by any plugin
mdm[1485]: WARNING: Plymouth is running, asking it to stop...
dnsmasq[1489]: Gestartet, Version 2.68 Cache deaktiviert
dnsmasq[1489]: Übersetzungsoptionen: IPv6 GNU-getopt DBus i18n IDN DHCP DHCPv6 no-Lua TFTP conntrack ipset auth
dnsmasq[1489]: DBus-Unterstützung eingeschaltet: mit Systembus verbunden
dnsmasq[1489]: Warnung: keine vorgelagerten (Upstream) Server konfiguriert
mdm[1485]: WARNING: Plymouth stopped
kernel: [   14.546301] init: plymouth-upstart-bridge main process ended, respawning
